[adnow.com/about.html]
[backblue.gif]
[fade.gif]
[index.html]
[adnow.com/bootstrap/css/bootstrap.min1efd.css]
[adnow.com/css/font-awesome.min1efd.css]
[adnow.com/css/ionicons.min1efd.css]
[adnow.com/css/adnow1efd.css]
[adnow.com/css/elements1efd.css]
[adnow.com/css/responsive1efd.css]
[adnow.com/css/dev1efd.css]
[adnow.com/css/owl.carousel.css]
[www.google.com/recaptcha/apifef7.js]
[adnow.com/plugins/jQuery/jQuery-2.1.4.min.js]
[adnow.com/images/favicons/apple-touch-icon-57x57.png]
[adnow.com/images/favicons/apple-touch-icon-60x60.png]
[adnow.com/images/favicons/apple-touch-icon-72x72.png]
[adnow.com/images/favicons/apple-touch-icon-76x76.png]
[adnow.com/images/favicons/apple-touch-icon-114x114.png]
[adnow.com/images/favicons/apple-touch-icon-120x120.png]
[adnow.com/images/favicons/apple-touch-icon-144x144.png]
[adnow.com/images/favicons/apple-touch-icon-152x152.png]
[adnow.com/images/favicons/apple-touch-icon-180x180.png]
[adnow.com/images/favicons/favicon-32x32.png]
[adnow.com/images/favicons/favicon-194x194.png]
[adnow.com/images/favicons/favicon-96x96.png]
[adnow.com/images/favicons/android-chrome-192x192.png]
[adnow.com/images/favicons/favicon-16x16.png]
[adnow.com/images/favicons/manifest.json]
[connect.facebook.net/en_US/fbevents.js]
[cdn.sendpulse.com/28edd3380a1c17cf65b137fe96516659/js/push/334a5c027fa640581746c496eb9fd652_1.js]
[adnow.com/cookie-policy.html]
[adnow.com/login.html]
[adnow.com/sign-up.html]
[adnow.com/advertisers.html]
[adnow.com/index.html]
[adnow.com/publishers.html]
[adnow.com/ssp.html]
[adnow.com/help.html]
[adnow.com/contacts.html]
[adnow.com/images/logo.png]
[adnow.com/images/his-1.jpg]
[adnow.com/images/his-2.jpg]
[adnow.com/images/his-3.jpg]
[adnow.com/images/his-4.jpg]
[adnow.com/images/team/rayees_wani.png]
[adnow.com/images/team/pham_thanh_trung.png]
[adnow.com/images/press1.png]
[adnow.com/images/press2.png]
[adnow.com/images/press3.png]
[adnow.com/images/press4.png]
[adnow.com/images/press5.png]
[adnow.com/images/press6.png]
[adnow.com/images/press7.png]
[adnow.com/images/press8.png]
[adnow.com/images/press9.png]
[adnow.com/terms.html]
[adnow.com/privacy-policy.html]
[adnow.com/images/payicons/visa_pos_fc.png]
[adnow.com/images/payicons/visa_electron_fc.png]
[adnow.com/images/payicons/vbyvisa_wht.png]
[adnow.com/images/payicons/mc_vrt_opt_rev_53_2x.png]
[adnow.com/images/payicons/ms_acc_opt_70_2x.png]
[adnow.com/images/payicons/mc_securecode_156px_width.png]
[adnow.com/images/payicons/vpay.png]
[adnow.com/images/paypal.png]
[adnow.com/images/soc/fb.png]
[adnow.com/images/soc/tw.png]
[adnow.com/images/soc/in.png]
[adnow.com/images/soc/yt.png]
[adnow.com/images/soc/inst.png]
[adnow.com/bootstrap/js/bootstrap.min.js]
[adnow.com/js/jquery.knob.min.js]
[adnow.com/js/jquery-ui-1.8.16.custom.min.js]
[adnow.com/js/countUpad05.js]
[adnow.com/js/allinone_carousel.js]
[adnow.com/js/bcarousel.js]
[adnow.com/js/jquery.plaxmove.js]
[adnow.com/js/main3860.js]
[adnow.com/js_lib/jquery.validate/jquery.validate.min.js]
[adnow.com/js_lib/jquery.cookie.js]
[adnow.com/js/scriptad05.js]
[adnow.com/about.html]
[adnow.com/js/owl.carousel.js]
[adnow.com/bootstrap/fonts/glyphicons-halflings-regular.eot]
[adnow.com/bootstrap/fonts/glyphicons-halflings-regulard41d.eot]
[adnow.com/bootstrap/fonts/glyphicons-halflings-regular.woff2]
[adnow.com/bootstrap/fonts/glyphicons-halflings-regular.woff]
[adnow.com/bootstrap/fonts/glyphicons-halflings-regular.ttf]
[adnow.com/bootstrap/css/bootstrap.min1efd.css]
[adnow.com/bootstrap/fonts/glyphicons-halflings-regular.svg]
[adnow.com/fonts/fontawesome-webfont3295.eot]
[adnow.com/fonts/fontawesome-webfont3295.woff2]
[adnow.com/fonts/fontawesome-webfontd41d.eot]
[adnow.com/fonts/fontawesome-webfont3295.woff]
[adnow.com/fonts/fontawesome-webfont3295.ttf]
[adnow.com/css/font-awesome.min1efd.css]
[adnow.com/fonts/fontawesome-webfont3295.svg]
[adnow.com/fonts/ionicons28b5.eot]
[adnow.com/fonts/ionicons28b5.ttf]
[adnow.com/fonts/ionicons28b5.woff]
[adnow.com/css/ionicons.min1efd.css]
[adnow.com/fonts/Geometria-Thin.otf]
[adnow.com/fonts/ionicons28b5.svg]
[adnow.com/fonts/Geometria-Light.otf]
[adnow.com/fonts/Geometria-ExtraLight.otf]
[adnow.com/fonts/Geometria.otf]
[adnow.com/fonts/Geometria-Bold.otf]
[adnow.com/fonts/NunitoSans/NunitoSans-Regular.ttf]
[adnow.com/fonts/NunitoSans/NunitoSans-ExtraLight.ttf]
[adnow.com/fonts/NunitoSans/NunitoSans-Light.ttf]
[adnow.com/images/bg-1.jpg]
[adnow.com/images/logo-bg.png]
[adnow.com/images/violet-bg.png]
[adnow.com/images/dark-violet-bg.png]
[adnow.com/images/adv-bg.png]
[adnow.com/images/btn-bg-white.png]
[adnow.com/images/btn-bg-black.png]
[adnow.com/images/btn-bg-violet-dark.png]
[adnow.com/images/btn-bg-violet-light.png]
[adnow.com/images/pik-11.png]
[adnow.com/images/pik-12.png]
[adnow.com/images/pik-13.png]
[adnow.com/images/arrow.png]
[adnow.com/images/grid.png]
[adnow.com/images/pager-bg-top.png]
[adnow.com/images/pager-bg-bottom.png]
[adnow.com/images/faq-advert.jpg]
[adnow.com/images/faq-part.jpg]
[adnow.com/images/but-before.png]
[adnow.com/images/tBg.png]
[adnow.com/images/n-before.png]
[adnow.com/images/n-after.png]
[adnow.com/images/soc/main_soc_icons_v3h.png]
[adnow.com/images/banners/top.png]
[adnow.com/css/adnow1efd.css]
[adnow.com/images/arrow-left.png]
[adnow.com/images/arrow-right.png]
[adnow.com/css/elements1efd.css]
[adnow.com/images/title-bg.png]
[adnow.com/css/responsive1efd.css]
[adnow.com/css/dev1efd.css]
[adnow.com/css/owl.carousel.css]
[adnow.com/css/owl.video.play.html]
[adnow.com/POST]
[connect.facebook.net/en_US/fbevents.js]
[www.googletagmanager.com/gtm5445.html]
[adnow.com/cookie-policy.html]
[adnow.com/login.html]
[adnow.com/forgot-password.html]
[adnow.com/sign-up.html]
[adnow.com/singup-resend.html]
[adnow.com/images/home.png]
[adnow.com/images/btn-black-left.png]
[adnow.com/images/btn-black-right.png]
[adnow.com/images/line.jpg]
[adnow.com/images/dvert-1.png]
[adnow.com/images/dvert-2.png]
[adnow.com/images/dvert-3.png]
[adnow.com/images/img-3.png]
[adnow.com/images/dial1.png]
[adnow.com/images/dial2.png]
[adnow.com/images/dial3.png]
[adnow.com/images/dial4.png]
[adnow.com/images/partners/peerfly.png]
[adnow.com/images/partners/matomy.png]
[adnow.com/images/partners/yeahmobi.png]
[adnow.com/images/partners/affilaxe.png]
[adnow.com/images/partners/aliexpress.png]
[adnow.com/images/partners/amazon.png]
[adnow.com/images/partners/ebay.png]
[adnow.com/images/partners/jd.png]
[adnow.com/images/__n1.png]
[adnow.com/images/__n2.png]
[adnow.com/images/n3.png]
[adnow.com/images/n4.png]
[adnow.com/images/dig_lisbon.png]
[adnow.com/images/addays-marketing-conference-vietnam.jpg]
[adnow.com/images/pimgpsh_fullsize_distr2.png]
[adnow.com/cdn-cgi/l/email-protection.html]
[adnow.com/blog/2017/07/06/addays-marketing-conference-vietnam/index.html]
[adnow.com/images/Brsln3.jpg]
[adnow.com/images/deli_adnow_news.jpg]
[adnow.com/images/hamburg_news.jpg]
[adnow.com/images/antiadblock_news.jpg]
[adnow.com/images/pimgpsh_fullsize_distr.jpg]
[adnow.com/images/improvements2016.jpg]
[adnow.com/images/epayments.jpg]
[adnow.com/images/news-slide-1.jpg]
[adnow.com/images/news-slide-2.jpg]
[adnow.com/images/Contest--results.jpg]
[adnow.com/images/world_ref_con.jpg]
[adnow.com/index09fc.html]
[adnow.com/indexb858.html]
[adnow.com/referral_champions]
[adnow.com/images/WPE2016.jpg]
[adnow.com/index.html]
[adnow.com/cdn-cgi/scripts/5c5dd728/cloudflare-static/email-decode.min.js]
[adnow.com/images/home2.png]
[adnow.com/images/btn-white-left.png]
[adnow.com/images/btn-white-right.png]
[adnow.com/images/lap.png]
[adnow.com/images/dvert-pik-1.png]
[adnow.com/images/dvert-pik-2.png]
[adnow.com/images/dvert-pik-3.png]
[adnow.com/images/dvert-pik-5.png]
[adnow.com/images/female.png]
[adnow.com/images/male.png]
[adnow.com/images/desktop.png]
[adnow.com/images/mobile.png]
[adnow.com/images/table-1.png]
[adnow.com/images/table-2.png]
[adnow.com/images/table-3.png]
[adnow.com/advertisers.html]
[adnow.com/images/img-1.png]
[adnow.com/images/pik-1.png]
[adnow.com/images/pik-2.png]
[adnow.com/images/img-2.png]
[adnow.com/images/pik-3.png]
[adnow.com/images/pik-4.png]
[adnow.com/images/pik-5.png]
[adnow.com/images/pik-6.png]
[adnow.com/images/pik-7.png]
[adnow.com/images/pik-8.png]
[adnow.com/images/pik-9.png]
[adnow.com/images/pik-10.png]
[adnow.com/images/pik-14.png]
[adnow.com/images/pik-15.png]
[adnow.com/images/pik-16.png]
[adnow.com/images/lang/l-japanese.png]
[adnow.com/images/lang/l-brtish.png]
[adnow.com/images/lang/l-turkish.png]
[adnow.com/images/lang/l-portugal.png]
[adnow.com/images/lang/l-italian.png]
[adnow.com/images/lang/l-spanish.png]
[adnow.com/images/lang/l-polish.png]
[adnow.com/images/lang/l-romanian.png]
[adnow.com/images/lang/l-greek.png]
[adnow.com/images/lang/l-bulgarian.png]
[adnow.com/images/lang/l-malaysian.png]
[adnow.com/images/lang/l-indonesian.png]
[adnow.com/images/lang/l-thai.png]
[adnow.com/images/lang/l-french.png]
[adnow.com/images/lang/l-german.png]
[adnow.com/images/lang/l-russian.png]
[adnow.com/publishers.html]
[www.google.com/recaptcha/apie8ae.js]
[adnow.com/ssp_assets/css/style.css]
[adnow.com/ssp_assets/css/adnow.css]
[adnow.com/ssp_assets/css/responsive.css]
[adnow.com/ssp_assets/css/animate.css]
[adnow.com/ssp_assets/images/logo.png]
[adnow.com/ssp_assets/images/buyout.png]
[adnow.com/ssp_assets/images/filter.png]
[adnow.com/ssp_assets/images/1.png]
[adnow.com/ssp_assets/images/2.png]
[adnow.com/ssp_assets/images/3.png]
[adnow.com/ssp_assets/images/filter2.png]
[adnow.com/ssp_assets/images/4.png]
[adnow.com/ssp_assets/images/5.png]
[adnow.com/ssp_assets/images/6.png]
[adnow.com/ssp_assets/images/filter3.png]
[adnow.com/ssp_assets/images/7.png]
[adnow.com/ssp_assets/images/8.png]
[adnow.com/ssp_assets/images/9.png]
[adnow.com/ssp_assets/images/line-2.png]
[adnow.com/ssp_assets/images/bg4-top.png]
[adnow.com/ssp_assets/images/bg2-top.png]
[adnow.com/ssp_assets/images/line-3.png]
[adnow.com/ssp_assets/images/line.png]
[adnow.com/ssp_assets/images/f-1.png]
[adnow.com/ssp_assets/images/f-2.png]
[adnow.com/ssp_assets/images/f-3.png]
[adnow.com/ssp_assets/images/s1.png]
[adnow.com/ssp_assets/images/s2.png]
[adnow.com/ssp_assets/images/s3.png]
[adnow.com/ssp_assets/images/s6.png]
[ajax.googleapis.com/ajax/libs/jquery/1.11.0/jquery.min.js]
[adnow.com/ssp_assets/js/bootstrap.min.js]
[adnow.com/ssp_assets/js/jquery.knob.min.js]
[adnow.com/ssp.html]
[adnow.com/help.html]
[adnow.com/contacts.html]
[adnow.com/ssp_assets/js/jquery.spincrement.js]
[adnow.com/index5d38.html]
[adnow.com/blog/index.html]
[adnow.com/indexb4c1.html]
[adnow.com/index2dff.html]
[adnow.com/terms.html]
[adnow.com/index0e01.html]
[adnow.com/indexef6e.html]
[adnow.com/privacy-policy.html]
[adnow.com/index16e6.html]
[adnow.com/index62cf.html]
[adnow.com/bootstrap/fonts/glyphicons-halflings-regular.svg]
[adnow.com/index3a69.html]
[adnow.com/indexaca7.html]
[adnow.com/indexf08c.html]
[adnow.com/fonts/fontawesome-webfont3295.svg]
[adnow.com/indexdd5f.html]
[adnow.com/index290a.html]
[adnow.com/index0b35.html]
[adnow.com/indexd710.html]
[adnow.com/fonts/ionicons28b5.svg]
[adnow.com/indexb5ba.html]
[adnow.com/indexc4a9.html]
[adnow.com/index9c2b.html]
[adnow.com/indexd5a4.html]
[adnow.com/indexdb6b.html]
[adnow.com/indexbfa1.html]
[adnow.com/indexb148.html]
[bg.adnow.com/css/owl.video.play.html]
[adnow.com/index1b50.html]
[adnow.com/indexf5fe.html]
[adnow.com/index8947.html]
[adnow.com/index510f.html]
[adnow.com/index22be.html]
[adnow.com/indexb530.html]
[pt.adnow.com/css/owl.video.play.html]
[adnow.com/index6269.html]
[adnow.com/index2ae6.html]
[adnow.com/indexc342.html]
[adnow.com/index9d28.html]
[pl.adnow.com/css/owl.video.play.html]
[adnow.com/index0901.html]
[adnow.com/index96a5.html]
[adnow.com/index89ae.html]
[adnow.com/index7356.html]
[adnow.com/index580b.html]
[cs.adnow.com/css/owl.video.play.html]
[adnow.com/index9c55.html]
[fr.adnow.com/css/owl.video.play.html]
[id.adnow.com/css/owl.video.play.html]
[ja.adnow.com/css/owl.video.play.html]
[en.adnow.com/css/owl.video.play.html]
[el.adnow.com/css/owl.video.play.html]
[th.adnow.com/css/owl.video.play.html]
[vi.adnow.com/css/owl.video.play.html]
[zh.adnow.com/css/owl.video.play.html]
[fa.adnow.com/css/owl.video.play.html]
[adnow.com/404/css/adnow.css]
[adnow.com/404/images/logo.png]
[adnow.com/404/images/404.png]
[adnow.com/css/images/soc/fb.png]
[adnow.com/css/images/soc/tw.png]
[adnow.com/css/images/soc/in.png]
[adnow.com/css/images/soc/yt.png]
[adnow.com/css/images/soc/inst.png]
[adnow.com/css/owl.video.play.html]
[adnow.com/POST.html]
[adnow.com/forgot-password.html]
[adnow.com/singup-resend.html]
[adnow.com/blog/wp-content/themes/adnow-blog/bootstrap/css/bootstrap.min.css]
[adnow.com/blog/wp-content/themes/adnow-blog/css/font-awesome.min.css]
[ajax.googleapis.com/ajax/libs/jquery/1.11.3/jquery.min.js]
[adnow.com/blog/wp-content/themes/adnow-blog/css/style.css]
[adnow.com/blog/wp-content/themes/adnow-blog/images/logo.png]
[adnow.com/blog/wp-content/themes/adnow-blog/bootstrap/js/bootstrap.min.js]
[adnow.com/blog/wp-content/themes/adnow-blog/images/t_icon.png]
[adnow.com/blog/wp-content/themes/adnow-blog/images/fb_icon.png]
[adnow.com/blog/wp-content/uploads/2017/07/AdNow-AdDays-Conference-blog.jpg]
[adnow.com/blog/wp-content/uploads/2017/07/AdNow-AdDays-register.jpg]
[adnow.com/blog/2017/07/06/addays-marketing-conference-vietnam/index.html]
[adnow.com/cdn-cgi/l/email-protection.html]
[adnow.com/blog/2017/12/07/adnow-performance-addays-chile/index.html]
[adnow.com/blog/2017/02/28/visiting-the-adtech-in-new-delhi-india/index.html]
[adnow.com/blog/2017/11/02/addays-chile/index.html]
[adnow.com/blog/2017/09/08/how-adnow-rocked/index.html]
[adnow.com/blog/2017/02/26/adnow-team-at-the-online-marketing-rockstars-festival-in-hamburg/index.html]
[adnow.com/blog/2017/07/26/adnow-referral-program-multiply-your-income-easily/index.html]
[adnow.com/blog/2017/08/25/seo-tips/index.html]
[adnow.com/blog/2016/12/23/improvements-we-have-made-for-you-in-2016/index.html]
[adnow.com/blog/2017/06/29/7-ways-to-stop-facebook-cutting-your-traffic/index.html]
[adnow.com/blog/2017/06/23/digital-payment-methods-2017/index.html]
[adnow.com/blog/2017/06/08/ctr-ecpm-what-affects-their-value-2/index.html]
[adnow.com/blog/2017/05/26/how-to-increase-the-number-of-clicks/index.html]
[adnow.com/images/epayments-preview.jpg]
[adnow.com/index09fc.html]
[adnow.com/images/affiliate.jpg]
[adnow.com/indexb858.html]
[adnow.com/referral_champions.html]
[adnow.com/ssp_assets/fonts/aero_matics_bold.ttf]
[adnow.com/ssp_assets/fonts/aero_matics_bold_italic.ttf]
[adnow.com/ssp_assets/fonts/P22UndergroundCYPro-Book.otf]
[adnow.com/ssp_assets/fonts/P22UndergroundCYPro-Demi.otf]
[adnow.com/ssp_assets/fonts/P22UndergroundCYPro-Heavy.otf]
[adnow.com/ssp_assets/fonts/P22UndergroundCYPro-Medium.otf]
[adnow.com/ssp_assets/fonts/P22UndergroundCYPro-Thin.otf]
[adnow.com/ssp_assets/images/top-bg.jpg]
[adnow.com/ssp_assets/images/exs-bg.jpg]
[adnow.com/ssp_assets/images/preim-bg-2.png]
[adnow.com/ssp_assets/images/stat-bg.jpg]
[adnow.com/ssp_assets/images/preim-bg-3.png]
[adnow.com/ssp_assets/images/preim-bg.png]
[adnow.com/ssp_assets/images/form-bg.jpg]
[adnow.com/ssp_assets/css/style.css]
[adnow.com/ssp_assets/fonts/Geometria-Thin.otf]
[adnow.com/ssp_assets/fonts/Geometria-Light.otf]
[adnow.com/ssp_assets/fonts/Geometria-ExtraLight.otf]
[adnow.com/ssp_assets/fonts/Geometria.otf]
[adnow.com/ssp_assets/fonts/Geometria-Bold.otf]
[adnow.com/ssp_assets/images/bg-1.jpg]
[adnow.com/ssp_assets/images/logo-bg.png]
[adnow.com/ssp_assets/images/violet-bg.png]
[adnow.com/ssp_assets/images/dark-violet-bg.png]
[adnow.com/ssp_assets/images/adv-bg.png]
[adnow.com/ssp_assets/images/btn-bg-white.png]
[adnow.com/ssp_assets/images/btn-bg-black.png]
[adnow.com/ssp_assets/images/btn-bg-violet-dark.png]
[adnow.com/ssp_assets/images/btn-bg-violet-light.png]
[adnow.com/ssp_assets/images/pik-11.png]
[adnow.com/ssp_assets/images/pik-12.png]
[adnow.com/ssp_assets/images/pik-13.png]
[adnow.com/ssp_assets/images/arrow.png]
[adnow.com/ssp_assets/images/grid.png]
[adnow.com/ssp_assets/images/pager-bg-top.png]
[adnow.com/ssp_assets/images/pager-bg-bottom.png]
[adnow.com/ssp_assets/images/faq-advert.jpg]
[adnow.com/ssp_assets/images/faq-part.jpg]
[adnow.com/ssp_assets/css/adnow.css]
[adnow.com/ssp_assets/css/responsive.css]
[adnow.com/ssp_assets/css/animate.css]
[adnow.com/index5d38.html]
[adnow.com/index2dff.html]
[adnow.com/indexb4c1.html]
[adnow.com/indexef6e.html]
[adnow.com/index0e01.html]
[adnow.com/index16e6.html]
[adnow.com/index62cf.html]
[adnow.com/index3a69.html]
[adnow.com/indexaca7.html]
[adnow.com/indexf08c.html]
[adnow.com/index290a.html]
[adnow.com/indexdd5f.html]
[adnow.com/index0b35.html]
[adnow.com/indexd710.html]
[adnow.com/indexb5ba.html]
[adnow.com/indexc4a9.html]
[adnow.com/index9c2b.html]
[adnow.com/img/faq/widgets_1a.png]
[adnow.com/indexd5a4.html]
[adnow.com/indexdb6b.html]
[adnow.com/indexbfa1.html]
[adnow.com/img/faq/get_started_2.png]
[adnow.com/indexb148.html]
[adnow.com/indexf5fe.html]
[adnow.com/img/faq/get_started_4.png]
[adnow.com/index8947.html]
[adnow.com/index1b50.html]
[adnow.com/index22be.html]
[adnow.com/indexb530.html]
[adnow.com/img/faq/widgets_2a.png]
[adnow.com/img/faq/widgets_2b.png]
[adnow.com/index510f.html]
[adnow.com/img/faq/widgets_3a.png]
[adnow.com/img/faq/widgets_3b.png]
[adnow.com/img/faq/widgets_3c.png]
[adnow.com/index2ae6.html]
[adnow.com/img/faq/widgets_4a.png]
[adnow.com/img/faq/widgets_4b.png]
[adnow.com/img/faq/widgets_4c.png]
[adnow.com/img/faq/widgets_4d.png]
[adnow.com/index6269.html]
[adnow.com/indexc342.html]
[adnow.com/index9d28.html]
[adnow.com/index0901.html]
[adnow.com/index96a5.html]
[adnow.com/index7356.html]
[adnow.com/index89ae.html]
[adnow.com/index580b.html]
[adnow.com/index9c55.html]
[bg.adnow.com/bootstrap/css/bootstrap.min1efd.css]
[bg.adnow.com/css/font-awesome.min1efd.css]
[bg.adnow.com/css/ionicons.min1efd.css]
[bg.adnow.com/css/adnow1efd.css]
[bg.adnow.com/css/elements1efd.css]
[bg.adnow.com/css/responsive1efd.css]
[bg.adnow.com/css/dev1efd.css]
[bg.adnow.com/css/owl.carousel.css]
[bg.adnow.com/plugins/jQuery/jQuery-2.1.4.min.js]
[bg.adnow.com/images/favicons/apple-touch-icon-57x57.png]
[bg.adnow.com/images/favicons/apple-touch-icon-60x60.png]
[bg.adnow.com/images/favicons/apple-touch-icon-72x72.png]
[bg.adnow.com/images/favicons/apple-touch-icon-76x76.png]
[bg.adnow.com/images/favicons/apple-touch-icon-114x114.png]
[bg.adnow.com/images/favicons/apple-touch-icon-120x120.png]
[bg.adnow.com/images/favicons/apple-touch-icon-144x144.png]
[bg.adnow.com/images/favicons/apple-touch-icon-152x152.png]
[bg.adnow.com/images/favicons/apple-touch-icon-180x180.png]
[bg.adnow.com/images/favicons/favicon-32x32.png]
[bg.adnow.com/images/favicons/favicon-194x194.png]
[bg.adnow.com/images/favicons/favicon-96x96.png]
[bg.adnow.com/images/favicons/android-chrome-192x192.png]
[bg.adnow.com/images/favicons/favicon-16x16.png]
[bg.adnow.com/404/css/adnow.css]
[bg.adnow.com/404/images/logo.png]
[bg.adnow.com/404/images/404.png]
[bg.adnow.com/images/payicons/visa_pos_fc.png]
[bg.adnow.com/images/payicons/visa_electron_fc.png]
[bg.adnow.com/images/payicons/vbyvisa_wht.png]
[bg.adnow.com/images/payicons/mc_vrt_opt_rev_53_2x.png]
[bg.adnow.com/images/payicons/ms_acc_opt_70_2x.png]
[bg.adnow.com/images/payicons/mc_securecode_156px_width.png]
[bg.adnow.com/images/payicons/vpay.png]
[bg.adnow.com/images/paypal.png]
[bg.adnow.com/css/images/soc/fb.png]
[bg.adnow.com/css/images/soc/tw.png]
[bg.adnow.com/css/images/soc/in.png]
[bg.adnow.com/css/images/soc/yt.png]
[bg.adnow.com/css/images/soc/inst.png]
[bg.adnow.com/bootstrap/js/bootstrap.min.js]
[bg.adnow.com/js/jquery.knob.min.js]
[bg.adnow.com/js/jquery-ui-1.8.16.custom.min.js]
[bg.adnow.com/js/countUpad05.js]
[bg.adnow.com/js/allinone_carousel.js]
[bg.adnow.com/js/bcarousel.js]
[bg.adnow.com/js/jquery.plaxmove.js]
[bg.adnow.com/js/main3860.js]
[bg.adnow.com/js_lib/jquery.validate/jquery.validate.min.js]
[bg.adnow.com/js_lib/jquery.cookie.js]
[bg.adnow.com/js/scriptad05.js]
[bg.adnow.com/css/owl.video.play.html]
[bg.adnow.com/js/owl.carousel.js]
[pt.adnow.com/bootstrap/css/bootstrap.min1efd.css]
[pt.adnow.com/css/font-awesome.min1efd.css]
[pt.adnow.com/css/ionicons.min1efd.css]
[pt.adnow.com/css/adnow1efd.css]
[pt.adnow.com/css/elements1efd.css]
[pt.adnow.com/css/responsive1efd.css]
[pt.adnow.com/css/dev1efd.css]
[pt.adnow.com/css/owl.carousel.css]
[pt.adnow.com/plugins/jQuery/jQuery-2.1.4.min.js]
[pt.adnow.com/images/favicons/apple-touch-icon-57x57.png]
[pt.adnow.com/images/favicons/apple-touch-icon-60x60.png]
[pt.adnow.com/images/favicons/apple-touch-icon-72x72.png]
[pt.adnow.com/images/favicons/apple-touch-icon-76x76.png]
[pt.adnow.com/images/favicons/apple-touch-icon-114x114.png]
[pt.adnow.com/images/favicons/apple-touch-icon-120x120.png]
[pt.adnow.com/images/favicons/apple-touch-icon-144x144.png]
[pt.adnow.com/images/favicons/apple-touch-icon-152x152.png]
[pt.adnow.com/images/favicons/apple-touch-icon-180x180.png]
[pt.adnow.com/images/favicons/favicon-32x32.png]
[pt.adnow.com/images/favicons/favicon-194x194.png]
[pt.adnow.com/images/favicons/favicon-96x96.png]
[pt.adnow.com/images/favicons/android-chrome-192x192.png]
[pt.adnow.com/images/favicons/favicon-16x16.png]
[pt.adnow.com/404/css/adnow.css]
[pt.adnow.com/404/images/logo.png]
[pt.adnow.com/404/images/404.png]
[pt.adnow.com/images/payicons/visa_pos_fc.png]
[pt.adnow.com/images/payicons/visa_electron_fc.png]
[pt.adnow.com/images/payicons/vbyvisa_wht.png]
[pt.adnow.com/images/payicons/mc_vrt_opt_rev_53_2x.png]
[pt.adnow.com/images/payicons/ms_acc_opt_70_2x.png]
[pt.adnow.com/images/payicons/mc_securecode_156px_width.png]
[pt.adnow.com/images/payicons/vpay.png]
[pt.adnow.com/images/paypal.png]
[pt.adnow.com/css/images/soc/fb.png]
[pt.adnow.com/css/images/soc/tw.png]
[pt.adnow.com/css/images/soc/in.png]
[pt.adnow.com/css/images/soc/yt.png]
[pt.adnow.com/css/images/soc/inst.png]
[pt.adnow.com/bootstrap/js/bootstrap.min.js]
[pt.adnow.com/js/jquery.knob.min.js]
[pt.adnow.com/js/jquery-ui-1.8.16.custom.min.js]
[pt.adnow.com/js/countUpad05.js]
[pt.adnow.com/js/allinone_carousel.js]
[pt.adnow.com/js/bcarousel.js]
[pt.adnow.com/js/jquery.plaxmove.js]
[pt.adnow.com/js/main3860.js]
[pt.adnow.com/js_lib/jquery.validate/jquery.validate.min.js]
[pt.adnow.com/js_lib/jquery.cookie.js]
[pt.adnow.com/js/scriptad05.js]
[pt.adnow.com/css/owl.video.play.html]
[pt.adnow.com/js/owl.carousel.js]
[pl.adnow.com/bootstrap/css/bootstrap.min1efd.css]
[pl.adnow.com/css/font-awesome.min1efd.css]
[pl.adnow.com/css/ionicons.min1efd.css]
[pl.adnow.com/css/adnow1efd.css]
[pl.adnow.com/css/elements1efd.css]
[pl.adnow.com/css/responsive1efd.css]
[pl.adnow.com/css/dev1efd.css]
[pl.adnow.com/css/owl.carousel.css]
[pl.adnow.com/plugins/jQuery/jQuery-2.1.4.min.js]
[pl.adnow.com/images/favicons/apple-touch-icon-57x57.png]
[pl.adnow.com/images/favicons/apple-touch-icon-60x60.png]
[pl.adnow.com/images/favicons/apple-touch-icon-72x72.png]
[pl.adnow.com/images/favicons/apple-touch-icon-76x76.png]
[pl.adnow.com/images/favicons/apple-touch-icon-114x114.png]
[pl.adnow.com/images/favicons/apple-touch-icon-120x120.png]
[pl.adnow.com/images/favicons/apple-touch-icon-144x144.png]
[pl.adnow.com/images/favicons/apple-touch-icon-152x152.png]
[pl.adnow.com/images/favicons/apple-touch-icon-180x180.png]
[pl.adnow.com/images/favicons/favicon-32x32.png]
[pl.adnow.com/images/favicons/favicon-194x194.png]
[pl.adnow.com/images/favicons/favicon-96x96.png]
[pl.adnow.com/images/favicons/android-chrome-192x192.png]
[pl.adnow.com/images/favicons/favicon-16x16.png]
[pl.adnow.com/404/css/adnow.css]
[pl.adnow.com/404/images/logo.png]
[pl.adnow.com/404/images/404.png]
[pl.adnow.com/images/payicons/visa_pos_fc.png]
[pl.adnow.com/images/payicons/visa_electron_fc.png]
[pl.adnow.com/images/payicons/vbyvisa_wht.png]
[pl.adnow.com/images/payicons/mc_vrt_opt_rev_53_2x.png]
[pl.adnow.com/images/payicons/ms_acc_opt_70_2x.png]
[pl.adnow.com/images/payicons/mc_securecode_156px_width.png]
[pl.adnow.com/images/payicons/vpay.png]
[pl.adnow.com/images/paypal.png]
[pl.adnow.com/css/images/soc/fb.png]
[pl.adnow.com/css/images/soc/tw.png]
[pl.adnow.com/css/images/soc/in.png]
[pl.adnow.com/css/images/soc/yt.png]
[pl.adnow.com/css/images/soc/inst.png]
[pl.adnow.com/bootstrap/js/bootstrap.min.js]
[pl.adnow.com/js/jquery.knob.min.js]
[pl.adnow.com/js/jquery-ui-1.8.16.custom.min.js]
[pl.adnow.com/js/countUpad05.js]
[pl.adnow.com/js/allinone_carousel.js]
[pl.adnow.com/js/bcarousel.js]
[pl.adnow.com/js/jquery.plaxmove.js]
[pl.adnow.com/js/main3860.js]
[pl.adnow.com/js_lib/jquery.validate/jquery.validate.min.js]
[pl.adnow.com/js_lib/jquery.cookie.js]
[pl.adnow.com/js/scriptad05.js]
[pl.adnow.com/css/owl.video.play.html]
[pl.adnow.com/js/owl.carousel.js]
[cs.adnow.com/bootstrap/css/bootstrap.min1efd.css]
[cs.adnow.com/css/font-awesome.min1efd.css]
[cs.adnow.com/css/ionicons.min1efd.css]
[cs.adnow.com/css/adnow1efd.css]
[cs.adnow.com/css/elements1efd.css]
[cs.adnow.com/css/responsive1efd.css]
[cs.adnow.com/css/dev1efd.css]
[cs.adnow.com/css/owl.carousel.css]
[cs.adnow.com/plugins/jQuery/jQuery-2.1.4.min.js]
[cs.adnow.com/images/favicons/apple-touch-icon-57x57.png]
[cs.adnow.com/images/favicons/apple-touch-icon-60x60.png]
[cs.adnow.com/images/favicons/apple-touch-icon-72x72.png]
[cs.adnow.com/images/favicons/apple-touch-icon-76x76.png]
[cs.adnow.com/images/favicons/apple-touch-icon-114x114.png]
[cs.adnow.com/images/favicons/apple-touch-icon-120x120.png]
[cs.adnow.com/images/favicons/apple-touch-icon-144x144.png]
[cs.adnow.com/images/favicons/apple-touch-icon-152x152.png]
[cs.adnow.com/images/favicons/apple-touch-icon-180x180.png]
[cs.adnow.com/images/favicons/favicon-32x32.png]
[cs.adnow.com/images/favicons/favicon-194x194.png]
[cs.adnow.com/images/favicons/favicon-96x96.png]
[cs.adnow.com/images/favicons/android-chrome-192x192.png]
[cs.adnow.com/images/favicons/favicon-16x16.png]
[cs.adnow.com/404/css/adnow.css]
[cs.adnow.com/404/images/logo.png]
[cs.adnow.com/404/images/404.png]
[cs.adnow.com/images/payicons/visa_pos_fc.png]
[cs.adnow.com/images/payicons/visa_electron_fc.png]
[cs.adnow.com/images/payicons/vbyvisa_wht.png]
[cs.adnow.com/images/payicons/mc_vrt_opt_rev_53_2x.png]
[cs.adnow.com/images/payicons/ms_acc_opt_70_2x.png]
[cs.adnow.com/images/payicons/mc_securecode_156px_width.png]
[cs.adnow.com/images/payicons/vpay.png]
[cs.adnow.com/images/paypal.png]
[cs.adnow.com/css/images/soc/fb.png]
[cs.adnow.com/css/images/soc/tw.png]
[cs.adnow.com/css/images/soc/in.png]
[cs.adnow.com/css/images/soc/yt.png]
[cs.adnow.com/css/images/soc/inst.png]
[cs.adnow.com/bootstrap/js/bootstrap.min.js]
[cs.adnow.com/js/jquery.knob.min.js]
[cs.adnow.com/js/jquery-ui-1.8.16.custom.min.js]
[cs.adnow.com/js/countUpad05.js]
[cs.adnow.com/js/allinone_carousel.js]
[cs.adnow.com/js/bcarousel.js]
[cs.adnow.com/js/jquery.plaxmove.js]
[cs.adnow.com/js/main3860.js]
[cs.adnow.com/js_lib/jquery.validate/jquery.validate.min.js]
[cs.adnow.com/js_lib/jquery.cookie.js]
[cs.adnow.com/js/scriptad05.js]
[cs.adnow.com/css/owl.video.play.html]
[cs.adnow.com/js/owl.carousel.js]
[fr.adnow.com/bootstrap/css/bootstrap.min1efd.css]
[fr.adnow.com/css/font-awesome.min1efd.css]
[fr.adnow.com/css/ionicons.min1efd.css]
[fr.adnow.com/css/adnow1efd.css]
[fr.adnow.com/css/elements1efd.css]
[fr.adnow.com/css/responsive1efd.css]
[fr.adnow.com/css/dev1efd.css]
[fr.adnow.com/css/owl.carousel.css]
[fr.adnow.com/plugins/jQuery/jQuery-2.1.4.min.js]
[fr.adnow.com/images/favicons/apple-touch-icon-57x57.png]
[fr.adnow.com/images/favicons/apple-touch-icon-60x60.png]
[fr.adnow.com/images/favicons/apple-touch-icon-72x72.png]
[fr.adnow.com/images/favicons/apple-touch-icon-76x76.png]
[fr.adnow.com/images/favicons/apple-touch-icon-114x114.png]
[fr.adnow.com/images/favicons/apple-touch-icon-120x120.png]
[fr.adnow.com/images/favicons/apple-touch-icon-144x144.png]
[fr.adnow.com/images/favicons/apple-touch-icon-152x152.png]
[fr.adnow.com/images/favicons/apple-touch-icon-180x180.png]
[fr.adnow.com/images/favicons/favicon-32x32.png]
[fr.adnow.com/images/favicons/favicon-194x194.png]
[fr.adnow.com/images/favicons/favicon-96x96.png]
[fr.adnow.com/images/favicons/android-chrome-192x192.png]
[fr.adnow.com/images/favicons/favicon-16x16.png]
[fr.adnow.com/404/css/adnow.css]
[fr.adnow.com/404/images/logo.png]
[fr.adnow.com/404/images/404.png]
[fr.adnow.com/images/payicons/visa_pos_fc.png]
[fr.adnow.com/images/payicons/visa_electron_fc.png]
[fr.adnow.com/images/payicons/vbyvisa_wht.png]
[fr.adnow.com/images/payicons/mc_vrt_opt_rev_53_2x.png]
[fr.adnow.com/images/payicons/ms_acc_opt_70_2x.png]
[fr.adnow.com/images/payicons/mc_securecode_156px_width.png]
[fr.adnow.com/images/payicons/vpay.png]
[fr.adnow.com/images/paypal.png]
[fr.adnow.com/css/images/soc/fb.png]
[fr.adnow.com/css/images/soc/tw.png]
[fr.adnow.com/css/images/soc/in.png]
[fr.adnow.com/css/images/soc/yt.png]
[fr.adnow.com/css/images/soc/inst.png]
[fr.adnow.com/bootstrap/js/bootstrap.min.js]
[fr.adnow.com/js/jquery.knob.min.js]
[fr.adnow.com/js/jquery-ui-1.8.16.custom.min.js]
[fr.adnow.com/js/countUpad05.js]
[fr.adnow.com/js/allinone_carousel.js]
[fr.adnow.com/js/bcarousel.js]
[fr.adnow.com/js/jquery.plaxmove.js]
[fr.adnow.com/js/main3860.js]
[fr.adnow.com/js_lib/jquery.validate/jquery.validate.min.js]
[fr.adnow.com/js_lib/jquery.cookie.js]
[fr.adnow.com/js/scriptad05.js]
[fr.adnow.com/css/owl.video.play.html]
[fr.adnow.com/js/owl.carousel.js]
[id.adnow.com/bootstrap/css/bootstrap.min1efd.css]
[id.adnow.com/css/font-awesome.min1efd.css]
[id.adnow.com/css/ionicons.min1efd.css]
[id.adnow.com/css/adnow1efd.css]
[id.adnow.com/css/elements1efd.css]
[id.adnow.com/css/responsive1efd.css]
[id.adnow.com/css/dev1efd.css]
[id.adnow.com/css/owl.carousel.css]
[id.adnow.com/plugins/jQuery/jQuery-2.1.4.min.js]
[id.adnow.com/images/favicons/apple-touch-icon-57x57.png]
[id.adnow.com/images/favicons/apple-touch-icon-60x60.png]
[id.adnow.com/images/favicons/apple-touch-icon-72x72.png]
[id.adnow.com/images/favicons/apple-touch-icon-76x76.png]
[id.adnow.com/images/favicons/apple-touch-icon-114x114.png]
[id.adnow.com/images/favicons/apple-touch-icon-120x120.png]
[id.adnow.com/images/favicons/apple-touch-icon-144x144.png]
[id.adnow.com/images/favicons/apple-touch-icon-152x152.png]
[id.adnow.com/images/favicons/apple-touch-icon-180x180.png]
[id.adnow.com/images/favicons/favicon-32x32.png]
[id.adnow.com/images/favicons/favicon-194x194.png]
[id.adnow.com/images/favicons/favicon-96x96.png]
[id.adnow.com/images/favicons/android-chrome-192x192.png]
[id.adnow.com/images/favicons/favicon-16x16.png]
[id.adnow.com/404/css/adnow.css]
[id.adnow.com/404/images/logo.png]
[id.adnow.com/404/images/404.png]
[id.adnow.com/images/payicons/visa_pos_fc.png]
[id.adnow.com/images/payicons/visa_electron_fc.png]
[id.adnow.com/images/payicons/vbyvisa_wht.png]
[id.adnow.com/images/payicons/mc_vrt_opt_rev_53_2x.png]
[id.adnow.com/images/payicons/ms_acc_opt_70_2x.png]
[id.adnow.com/images/payicons/mc_securecode_156px_width.png]
[id.adnow.com/images/payicons/vpay.png]
[id.adnow.com/images/paypal.png]
[id.adnow.com/css/images/soc/fb.png]
[id.adnow.com/css/images/soc/tw.png]
[id.adnow.com/css/images/soc/in.png]
[id.adnow.com/css/images/soc/yt.png]
[id.adnow.com/css/images/soc/inst.png]
[id.adnow.com/bootstrap/js/bootstrap.min.js]
[id.adnow.com/js/jquery.knob.min.js]
[id.adnow.com/js/jquery-ui-1.8.16.custom.min.js]
[id.adnow.com/js/countUpad05.js]
[id.adnow.com/js/allinone_carousel.js]
[id.adnow.com/js/bcarousel.js]
[id.adnow.com/js/jquery.plaxmove.js]
[id.adnow.com/js/main3860.js]
[id.adnow.com/js_lib/jquery.validate/jquery.validate.min.js]
[id.adnow.com/js_lib/jquery.cookie.js]
[id.adnow.com/js/scriptad05.js]
[id.adnow.com/css/owl.video.play.html]
[id.adnow.com/js/owl.carousel.js]
[ja.adnow.com/bootstrap/css/bootstrap.min1efd.css]
[ja.adnow.com/css/font-awesome.min1efd.css]
[ja.adnow.com/css/ionicons.min1efd.css]
[ja.adnow.com/css/adnow1efd.css]
[ja.adnow.com/css/elements1efd.css]
[ja.adnow.com/css/responsive1efd.css]
[ja.adnow.com/css/dev1efd.css]
[ja.adnow.com/css/owl.carousel.css]
[ja.adnow.com/plugins/jQuery/jQuery-2.1.4.min.js]
[ja.adnow.com/images/favicons/apple-touch-icon-57x57.png]
[ja.adnow.com/images/favicons/apple-touch-icon-60x60.png]
[ja.adnow.com/images/favicons/apple-touch-icon-72x72.png]
[ja.adnow.com/images/favicons/apple-touch-icon-76x76.png]
[ja.adnow.com/images/favicons/apple-touch-icon-114x114.png]
[ja.adnow.com/images/favicons/apple-touch-icon-120x120.png]
[ja.adnow.com/images/favicons/apple-touch-icon-144x144.png]
[ja.adnow.com/images/favicons/apple-touch-icon-152x152.png]
[ja.adnow.com/images/favicons/apple-touch-icon-180x180.png]
[ja.adnow.com/images/favicons/favicon-32x32.png]
[ja.adnow.com/images/favicons/favicon-194x194.png]
[ja.adnow.com/images/favicons/favicon-96x96.png]
[ja.adnow.com/images/favicons/android-chrome-192x192.png]
[ja.adnow.com/images/favicons/favicon-16x16.png]
[ja.adnow.com/404/css/adnow.css]
[ja.adnow.com/404/images/logo.png]
[ja.adnow.com/404/images/404.png]
[ja.adnow.com/images/payicons/visa_pos_fc.png]
[ja.adnow.com/images/payicons/visa_electron_fc.png]
[ja.adnow.com/images/payicons/vbyvisa_wht.png]
[ja.adnow.com/images/payicons/mc_vrt_opt_rev_53_2x.png]
[ja.adnow.com/images/payicons/ms_acc_opt_70_2x.png]
[ja.adnow.com/images/payicons/mc_securecode_156px_width.png]
[ja.adnow.com/images/payicons/vpay.png]
[ja.adnow.com/images/paypal.png]
[ja.adnow.com/css/images/soc/fb.png]
[ja.adnow.com/css/images/soc/tw.png]
[ja.adnow.com/css/images/soc/in.png]
[ja.adnow.com/css/images/soc/yt.png]
[ja.adnow.com/css/images/soc/inst.png]
[ja.adnow.com/bootstrap/js/bootstrap.min.js]
[ja.adnow.com/js/jquery.knob.min.js]
[ja.adnow.com/js/jquery-ui-1.8.16.custom.min.js]
[ja.adnow.com/js/countUpad05.js]
[ja.adnow.com/js/allinone_carousel.js]
[ja.adnow.com/js/bcarousel.js]
[ja.adnow.com/js/jquery.plaxmove.js]
[ja.adnow.com/js/main3860.js]
[ja.adnow.com/js_lib/jquery.validate/jquery.validate.min.js]
[ja.adnow.com/js_lib/jquery.cookie.js]
[ja.adnow.com/js/scriptad05.js]
[ja.adnow.com/css/owl.video.play.html]
[en.adnow.com/css/owl.video.play.html]
[ja.adnow.com/js/owl.carousel.js]
[el.adnow.com/bootstrap/css/bootstrap.min1efd.css]
[el.adnow.com/css/font-awesome.min1efd.css]
[el.adnow.com/css/ionicons.min1efd.css]
[el.adnow.com/css/adnow1efd.css]
[el.adnow.com/css/elements1efd.css]
[el.adnow.com/css/responsive1efd.css]
[el.adnow.com/css/dev1efd.css]
[el.adnow.com/css/owl.carousel.css]
[el.adnow.com/plugins/jQuery/jQuery-2.1.4.min.js]
[el.adnow.com/images/favicons/apple-touch-icon-57x57.png]
[el.adnow.com/images/favicons/apple-touch-icon-60x60.png]
[el.adnow.com/images/favicons/apple-touch-icon-72x72.png]
[el.adnow.com/images/favicons/apple-touch-icon-76x76.png]
[el.adnow.com/images/favicons/apple-touch-icon-114x114.png]
[el.adnow.com/images/favicons/apple-touch-icon-120x120.png]
[el.adnow.com/images/favicons/apple-touch-icon-144x144.png]
[el.adnow.com/images/favicons/apple-touch-icon-152x152.png]
[el.adnow.com/images/favicons/apple-touch-icon-180x180.png]
[el.adnow.com/images/favicons/favicon-32x32.png]
[el.adnow.com/images/favicons/favicon-194x194.png]
[el.adnow.com/images/favicons/favicon-96x96.png]
[el.adnow.com/images/favicons/android-chrome-192x192.png]
[el.adnow.com/images/favicons/favicon-16x16.png]
[el.adnow.com/404/css/adnow.css]
[el.adnow.com/404/images/logo.png]
[el.adnow.com/404/images/404.png]
[el.adnow.com/images/payicons/visa_pos_fc.png]
[el.adnow.com/images/payicons/visa_electron_fc.png]
[el.adnow.com/images/payicons/vbyvisa_wht.png]
[el.adnow.com/images/payicons/mc_vrt_opt_rev_53_2x.png]
[el.adnow.com/images/payicons/ms_acc_opt_70_2x.png]
[el.adnow.com/images/payicons/mc_securecode_156px_width.png]
[el.adnow.com/images/payicons/vpay.png]
[el.adnow.com/images/paypal.png]
[el.adnow.com/css/images/soc/fb.png]
[el.adnow.com/css/images/soc/tw.png]
[el.adnow.com/css/images/soc/in.png]
[el.adnow.com/css/images/soc/yt.png]
[el.adnow.com/css/images/soc/inst.png]
[el.adnow.com/bootstrap/js/bootstrap.min.js]
[el.adnow.com/js/jquery.knob.min.js]
[el.adnow.com/js/jquery-ui-1.8.16.custom.min.js]
[el.adnow.com/js/countUpad05.js]
[el.adnow.com/js/allinone_carousel.js]
[el.adnow.com/js/bcarousel.js]
[el.adnow.com/js/jquery.plaxmove.js]
[el.adnow.com/js/main3860.js]
[el.adnow.com/js_lib/jquery.validate/jquery.validate.min.js]
[el.adnow.com/js_lib/jquery.cookie.js]
[el.adnow.com/js/scriptad05.js]
[el.adnow.com/css/owl.video.play.html]
[el.adnow.com/js/owl.carousel.js]
[th.adnow.com/bootstrap/css/bootstrap.min1efd.css]
[th.adnow.com/css/font-awesome.min1efd.css]
[th.adnow.com/css/ionicons.min1efd.css]
[th.adnow.com/css/adnow1efd.css]
[th.adnow.com/css/elements1efd.css]
[th.adnow.com/css/responsive1efd.css]
[th.adnow.com/css/dev1efd.css]
[th.adnow.com/css/owl.carousel.css]
[th.adnow.com/plugins/jQuery/jQuery-2.1.4.min.js]
[th.adnow.com/images/favicons/apple-touch-icon-57x57.png]
[th.adnow.com/images/favicons/apple-touch-icon-60x60.png]
[th.adnow.com/images/favicons/apple-touch-icon-72x72.png]
[th.adnow.com/images/favicons/apple-touch-icon-76x76.png]
[th.adnow.com/images/favicons/apple-touch-icon-114x114.png]
[th.adnow.com/images/favicons/apple-touch-icon-120x120.png]
[th.adnow.com/images/favicons/apple-touch-icon-144x144.png]
[th.adnow.com/images/favicons/apple-touch-icon-152x152.png]
[th.adnow.com/images/favicons/apple-touch-icon-180x180.png]
[th.adnow.com/images/favicons/favicon-32x32.png]
[th.adnow.com/images/favicons/favicon-194x194.png]
[th.adnow.com/images/favicons/favicon-96x96.png]
[th.adnow.com/images/favicons/android-chrome-192x192.png]
[th.adnow.com/images/favicons/favicon-16x16.png]
[th.adnow.com/404/css/adnow.css]
[th.adnow.com/404/images/logo.png]
[th.adnow.com/404/images/404.png]
[th.adnow.com/images/payicons/visa_pos_fc.png]
[th.adnow.com/images/payicons/visa_electron_fc.png]
[th.adnow.com/images/payicons/vbyvisa_wht.png]
[th.adnow.com/images/payicons/mc_vrt_opt_rev_53_2x.png]
[th.adnow.com/images/payicons/ms_acc_opt_70_2x.png]
[th.adnow.com/images/payicons/mc_securecode_156px_width.png]
[th.adnow.com/images/payicons/vpay.png]
[th.adnow.com/images/paypal.png]
[th.adnow.com/css/images/soc/fb.png]
[th.adnow.com/css/images/soc/tw.png]
[th.adnow.com/css/images/soc/in.png]
[th.adnow.com/css/images/soc/yt.png]
[th.adnow.com/css/images/soc/inst.png]
[th.adnow.com/bootstrap/js/bootstrap.min.js]
[th.adnow.com/js/jquery.knob.min.js]
[th.adnow.com/js/jquery-ui-1.8.16.custom.min.js]
[th.adnow.com/js/countUpad05.js]
[th.adnow.com/js/allinone_carousel.js]
[th.adnow.com/js/bcarousel.js]
[th.adnow.com/js/jquery.plaxmove.js]
[th.adnow.com/js/main3860.js]
[th.adnow.com/js_lib/jquery.validate/jquery.validate.min.js]
[th.adnow.com/js_lib/jquery.cookie.js]
[th.adnow.com/js/scriptad05.js]
[th.adnow.com/css/owl.video.play.html]
[th.adnow.com/js/owl.carousel.js]
[vi.adnow.com/bootstrap/css/bootstrap.min1efd.css]
[vi.adnow.com/css/font-awesome.min1efd.css]
[vi.adnow.com/css/ionicons.min1efd.css]
[vi.adnow.com/css/adnow1efd.css]
[vi.adnow.com/css/elements1efd.css]
[vi.adnow.com/css/responsive1efd.css]
[vi.adnow.com/css/dev1efd.css]
[vi.adnow.com/css/owl.carousel.css]
[vi.adnow.com/plugins/jQuery/jQuery-2.1.4.min.js]
[vi.adnow.com/images/favicons/apple-touch-icon-57x57.png]
[vi.adnow.com/images/favicons/apple-touch-icon-60x60.png]
[vi.adnow.com/images/favicons/apple-touch-icon-72x72.png]
[vi.adnow.com/images/favicons/apple-touch-icon-76x76.png]
[vi.adnow.com/images/favicons/apple-touch-icon-114x114.png]
[vi.adnow.com/images/favicons/apple-touch-icon-120x120.png]
[vi.adnow.com/images/favicons/apple-touch-icon-144x144.png]
[vi.adnow.com/images/favicons/apple-touch-icon-152x152.png]
[vi.adnow.com/images/favicons/apple-touch-icon-180x180.png]
[vi.adnow.com/images/favicons/favicon-32x32.png]
[vi.adnow.com/images/favicons/favicon-194x194.png]
[vi.adnow.com/images/favicons/favicon-96x96.png]
[vi.adnow.com/images/favicons/android-chrome-192x192.png]
[vi.adnow.com/images/favicons/favicon-16x16.png]
[vi.adnow.com/404/css/adnow.css]
[vi.adnow.com/404/images/logo.png]
[vi.adnow.com/404/images/404.png]
[vi.adnow.com/images/payicons/visa_pos_fc.png]
[vi.adnow.com/images/payicons/visa_electron_fc.png]
[vi.adnow.com/images/payicons/vbyvisa_wht.png]
[vi.adnow.com/images/payicons/mc_vrt_opt_rev_53_2x.png]
[vi.adnow.com/images/payicons/ms_acc_opt_70_2x.png]
[vi.adnow.com/images/payicons/mc_securecode_156px_width.png]
[vi.adnow.com/images/payicons/vpay.png]
[vi.adnow.com/images/paypal.png]
[vi.adnow.com/css/images/soc/fb.png]
[vi.adnow.com/css/images/soc/tw.png]
[vi.adnow.com/css/images/soc/in.png]
[vi.adnow.com/css/images/soc/yt.png]
[vi.adnow.com/css/images/soc/inst.png]
[vi.adnow.com/bootstrap/js/bootstrap.min.js]
[vi.adnow.com/js/jquery.knob.min.js]
[vi.adnow.com/js/jquery-ui-1.8.16.custom.min.js]
[vi.adnow.com/js/countUpad05.js]
[vi.adnow.com/js/allinone_carousel.js]
[vi.adnow.com/js/bcarousel.js]
[vi.adnow.com/js/jquery.plaxmove.js]
[vi.adnow.com/js/main3860.js]
[vi.adnow.com/js_lib/jquery.validate/jquery.validate.min.js]
[vi.adnow.com/js_lib/jquery.cookie.js]
[vi.adnow.com/js/scriptad05.js]
[vi.adnow.com/css/owl.video.play.html]
[vi.adnow.com/js/owl.carousel.js]
[zh.adnow.com/bootstrap/css/bootstrap.min1efd.css]
[zh.adnow.com/css/font-awesome.min1efd.css]
[zh.adnow.com/css/ionicons.min1efd.css]
[zh.adnow.com/css/adnow1efd.css]
[zh.adnow.com/css/elements1efd.css]
[zh.adnow.com/css/responsive1efd.css]
[zh.adnow.com/css/dev1efd.css]
[zh.adnow.com/css/owl.carousel.css]
[zh.adnow.com/plugins/jQuery/jQuery-2.1.4.min.js]
[zh.adnow.com/images/favicons/apple-touch-icon-57x57.png]
[zh.adnow.com/images/favicons/apple-touch-icon-60x60.png]
[zh.adnow.com/images/favicons/apple-touch-icon-72x72.png]
[zh.adnow.com/images/favicons/apple-touch-icon-76x76.png]
[zh.adnow.com/images/favicons/apple-touch-icon-114x114.png]
[zh.adnow.com/images/favicons/apple-touch-icon-120x120.png]
[zh.adnow.com/images/favicons/apple-touch-icon-144x144.png]
[zh.adnow.com/images/favicons/apple-touch-icon-152x152.png]
[zh.adnow.com/images/favicons/apple-touch-icon-180x180.png]
[zh.adnow.com/images/favicons/favicon-32x32.png]
[zh.adnow.com/images/favicons/favicon-194x194.png]
[zh.adnow.com/images/favicons/favicon-96x96.png]
[zh.adnow.com/images/favicons/android-chrome-192x192.png]
[zh.adnow.com/images/favicons/favicon-16x16.png]
[zh.adnow.com/404/css/adnow.css]
[zh.adnow.com/404/images/logo.png]
[zh.adnow.com/404/images/404.png]
[zh.adnow.com/images/payicons/visa_pos_fc.png]
[zh.adnow.com/images/payicons/visa_electron_fc.png]
[zh.adnow.com/images/payicons/vbyvisa_wht.png]
[zh.adnow.com/images/payicons/mc_vrt_opt_rev_53_2x.png]
[zh.adnow.com/images/payicons/ms_acc_opt_70_2x.png]
[zh.adnow.com/images/payicons/mc_securecode_156px_width.png]
[zh.adnow.com/images/payicons/vpay.png]
[zh.adnow.com/images/paypal.png]
[zh.adnow.com/css/images/soc/fb.png]
[zh.adnow.com/css/images/soc/tw.png]
[zh.adnow.com/css/images/soc/in.png]
[zh.adnow.com/css/images/soc/yt.png]
[zh.adnow.com/css/images/soc/inst.png]
[zh.adnow.com/bootstrap/js/bootstrap.min.js]
[zh.adnow.com/js/jquery.knob.min.js]
[zh.adnow.com/js/jquery-ui-1.8.16.custom.min.js]
[zh.adnow.com/js/countUpad05.js]
[zh.adnow.com/js/allinone_carousel.js]
[zh.adnow.com/js/bcarousel.js]
[zh.adnow.com/js/jquery.plaxmove.js]
[zh.adnow.com/js/main3860.js]
[zh.adnow.com/js_lib/jquery.validate/jquery.validate.min.js]
[zh.adnow.com/js_lib/jquery.cookie.js]
[zh.adnow.com/js/scriptad05.js]
[zh.adnow.com/css/owl.video.play.html]
[zh.adnow.com/js/owl.carousel.js]
[fa.adnow.com/bootstrap/css/bootstrap.min1efd.css]
[fa.adnow.com/css/font-awesome.min1efd.css]
[fa.adnow.com/css/ionicons.min1efd.css]
[fa.adnow.com/css/adnow1efd.css]
[fa.adnow.com/css/elements1efd.css]
[fa.adnow.com/css/responsive1efd.css]
[fa.adnow.com/css/dev1efd.css]
[fa.adnow.com/css/owl.carousel.css]
[fa.adnow.com/plugins/jQuery/jQuery-2.1.4.min.js]
[fa.adnow.com/images/favicons/apple-touch-icon-57x57.png]
[fa.adnow.com/images/favicons/apple-touch-icon-60x60.png]
[fa.adnow.com/images/favicons/apple-touch-icon-72x72.png]
[fa.adnow.com/images/favicons/apple-touch-icon-76x76.png]
[fa.adnow.com/images/favicons/apple-touch-icon-114x114.png]
[fa.adnow.com/images/favicons/apple-touch-icon-120x120.png]
[fa.adnow.com/images/favicons/apple-touch-icon-144x144.png]
[fa.adnow.com/images/favicons/apple-touch-icon-152x152.png]
[fa.adnow.com/images/favicons/apple-touch-icon-180x180.png]
[fa.adnow.com/images/favicons/favicon-32x32.png]
[fa.adnow.com/images/favicons/favicon-194x194.png]
[fa.adnow.com/images/favicons/favicon-96x96.png]
[fa.adnow.com/images/favicons/android-chrome-192x192.png]
[fa.adnow.com/images/favicons/favicon-16x16.png]
[fa.adnow.com/404/css/adnow.css]
[fa.adnow.com/404/images/logo.png]
[fa.adnow.com/404/images/404.png]
[fa.adnow.com/images/payicons/visa_pos_fc.png]
[fa.adnow.com/images/payicons/visa_electron_fc.png]
[fa.adnow.com/images/payicons/vbyvisa_wht.png]
[fa.adnow.com/images/payicons/mc_vrt_opt_rev_53_2x.png]
[fa.adnow.com/images/payicons/ms_acc_opt_70_2x.png]
[fa.adnow.com/images/payicons/mc_securecode_156px_width.png]
[fa.adnow.com/images/payicons/vpay.png]
[fa.adnow.com/images/paypal.png]
[fa.adnow.com/css/images/soc/fb.png]
[fa.adnow.com/css/images/soc/tw.png]
[fa.adnow.com/css/images/soc/in.png]
[fa.adnow.com/css/images/soc/yt.png]
[fa.adnow.com/css/images/soc/inst.png]
[fa.adnow.com/bootstrap/js/bootstrap.min.js]
[fa.adnow.com/js/jquery.knob.min.js]
[fa.adnow.com/js/jquery-ui-1.8.16.custom.min.js]
[fa.adnow.com/js/countUpad05.js]
[fa.adnow.com/js/allinone_carousel.js]
[fa.adnow.com/js/bcarousel.js]
[fa.adnow.com/js/jquery.plaxmove.js]
[fa.adnow.com/js/main3860.js]
[fa.adnow.com/js_lib/jquery.validate/jquery.validate.min.js]
[fa.adnow.com/js_lib/jquery.cookie.js]
[fa.adnow.com/js/scriptad05.js]
[fa.adnow.com/css/owl.video.play.html]
[fa.adnow.com/js/owl.carousel.js]
[adnow.com/404/images/bg-1.3c0.delayed]
[adnow.com/404/images/logo-bg.png]
[adnow.com/404/images/violet-bg.png]
[adnow.com/404/images/dark-violet-bg.png]
[adnow.com/404/images/adv-bg.png]
[adnow.com/404/images/btn-bg-white.png]
[adnow.com/404/images/btn-bg-black.png]
[adnow.com/404/images/btn-bg-violet-dark.png]
[adnow.com/404/images/btn-bg-violet-light.png]
[adnow.com/404/images/pik-11.png]
[adnow.com/404/images/pik-12.png]
[adnow.com/404/images/pik-13.png]
[adnow.com/404/images/arrow.png]
[adnow.com/404/images/grid.png]
[adnow.com/404/images/pager-bg-top.png]
[adnow.com/404/images/pager-bg-bottom.png]
[adnow.com/404/images/faq-advert.jpg]
[adnow.com/404/images/faq-part.jpg]
[adnow.com/404/images/404-bg.jpg]
[adnow.com/404/css/adnow.css]
[adnow.com/css/images/soc/fb.html]
[adnow.com/css/images/soc/tw.html]
[adnow.com/css/images/soc/in.html]
[adnow.com/css/images/soc/yt.html]
[adnow.com/css/images/soc/inst.html]
[adnow.com/blog/wp-content/themes/adnow-blog/bootstrap/css/bootstrap.min.css]
[adnow.com/blog/wp-content/themes/adnow-blog/bootstrap/fonts/glyphicons-halflings-regular.eot]
[adnow.com/blog/wp-content/themes/adnow-blog/fonts/fontawesome-webfont3295.eot]
[adnow.com/blog/wp-content/themes/adnow-blog/fonts/fontawesome-webfont.eot]
[adnow.com/blog/wp-content/themes/adnow-blog/fonts/fontawesome-webfont3295.woff2]
[adnow.com/blog/wp-content/themes/adnow-blog/fonts/fontawesome-webfont3295.woff]
[adnow.com/blog/wp-content/themes/adnow-blog/fonts/fontawesome-webfont3295.ttf]
[adnow.com/blog/wp-content/themes/adnow-blog/css/font-awesome.min.css]
[adnow.com/blog/wp-content/themes/adnow-blog/fonts/fontawesome-webfont3295.svg]
[adnow.com/blog/wp-content/themes/adnow-blog/fonts/Geometria-Thin.otf]
[adnow.com/blog/wp-content/themes/adnow-blog/fonts/Geometria-Light.otf]
[adnow.com/blog/wp-content/themes/adnow-blog/fonts/Geometria-ExtraLight.otf]
[adnow.com/blog/wp-content/themes/adnow-blog/fonts/Geometria.otf]
[adnow.com/blog/wp-content/themes/adnow-blog/fonts/Geometria-Bold.otf]
[adnow.com/blog/wp-content/themes/adnow-blog/images/violet-up.png]
[adnow.com/blog/wp-content/themes/adnow-blog/images/violet-down.png]
[adnow.com/blog/wp-content/themes/adnow-blog/css/style.css]
[adnow.com/blog/wp-content/uploads/2017/12/Adnow-Chile-ADdays-review.jpg]
[adnow.com/blog/wp-content/uploads/2017/12/2-Adnow-Addays-Chile-1.jpg]
[adnow.com/blog/wp-content/uploads/2017/12/3-Adnow-Addays-Chile-1024x841.jpg]
[adnow.com/blog/wp-content/uploads/2017/12/1-Adnow-Addays-Chile-1024x768.jpg]
[adnow.com/blog/wp-content/uploads/2017/12/6-Adnow-Addays-Chile-1024x682.jpg]
[adnow.com/blog/wp-content/uploads/2017/12/5-Adnow-Addays-Chile-1-1024x576.jpg]
[adnow.com/blog/wp-content/uploads/2017/05/Start-to-earn-button.jpg]
[adnow.com/blog/2017/12/07/adnow-performance-addays-chile/index.html]
[adnow.com/blog/wp-content/uploads/2017/11/Adnow-addays-Chile-2017-blog.jpg]
[adnow.com/blog/wp-content/uploads/2017/11/adnow-presentation-chile-300x188.jpg]
[adnow.com/blog/wp-content/uploads/2017/11/Screenshot_2-300x187.png]
[adnow.com/blog/2017/11/02/addays-chile/index.html]
[adnow.com/blog/wp-content/uploads/2017/09/addays_blog-adnow.jpg]
[adnow.com/blog/wp-content/uploads/2017/09/ADdays_292-1024x683.jpg]
[adnow.com/blog/wp-content/uploads/2017/09/1-2-1024x682.jpg]
[adnow.com/blog/wp-content/uploads/2017/09/ADdays_312-1024x683.jpg]
[adnow.com/blog/wp-content/uploads/2017/09/1-1024x683.jpg]
[adnow.com/blog/wp-content/uploads/2017/09/ADdays_330-1024x683.jpg]
[adnow.com/blog/wp-content/uploads/2017/09/ADdays_357-1024x683.jpg]
[adnow.com/blog/wp-content/uploads/2017/09/3-1024x683.jpg]
[adnow.com/blog/wp-content/uploads/2017/09/1-1.jpg]
[adnow.com/blog/2017/09/08/how-adnow-rocked/index.html]
[adnow.com/blog/wp-content/uploads/2017/08/SEO-tips-Adnow.jpg]
[adnow.com/blog/2017/08/25/seo-tips/index.html]
[adnow.com/blog/wp-content/uploads/2017/07/AdNow-referral-program.jpg]
[adnow.com/blog/wp-content/uploads/2017/07/Screenshot_Referral-link-AdNow.jpg]
[adnow.com/blog/2017/07/26/adnow-referral-program-multiply-your-income-easily/index.html]
[adnow.com/blog/wp-content/uploads/2017/06/AdNow-facebook-traffic.jpg]
[adnow.com/blog/wp-content/uploads/2017/06/First-screen-Ads.jpg]
[adnow.com/blog/wp-content/uploads/2017/06/Header-Ads.jpg]
[adnow.com/blog/wp-content/uploads/2017/06/Pop-up-block.jpg]
[adnow.com/blog/wp-content/uploads/2017/06/Two-widgets-AdNow.jpg]
[adnow.com/blog/2017/06/29/7-ways-to-stop-facebook-cutting-your-traffic/index.html]
[adnow.com/blog/wp-content/uploads/2017/06/^4890E28A65B7126FFEE4A8690E86D174C50955B42AC3D4D20C^pimgpsh_fullsize_distr.jpg]
[adnow.com/blog/2017/06/23/digital-payment-methods-2017/index.html]
[adnow.com/sign-up2134.html]
[adnow.com/blog/wp-content/uploads/2017/06/what-affects.jpg]
[adnow.com/blog/wp-content/uploads/2017/06/images.jpg]
[adnow.com/blog/wp-content/uploads/2017/06/download.jpg]
[adnow.com/blog/wp-content/uploads/2017/06/click-through-rate-ctr.png]
[adnow.com/blog/2017/06/08/ctr-ecpm-what-affects-their-value-2/index.html]
[adnow.com/blog/wp-content/uploads/2017/05/increase-the-number-of-clicks.jpg]
[adnow.com/blog/2017/05/26/how-to-increase-the-number-of-clicks/index.html]
[adnow.com/ssp_assets/images/bg-1.html]
[adnow.com/ssp_assets/images/logo-bg.html]
[adnow.com/ssp_assets/images/violet-bg.html]
[adnow.com/ssp_assets/images/dark-violet-bg.html]
[adnow.com/ssp_assets/images/adv-bg.html]
[adnow.com/ssp_assets/images/btn-bg-white.html]
[adnow.com/ssp_assets/images/btn-bg-black.html]
[adnow.com/ssp_assets/images/btn-bg-violet-dark.html]
[adnow.com/ssp_assets/images/btn-bg-violet-light.html]
[adnow.com/ssp_assets/images/pik-11.html]
[adnow.com/ssp_assets/images/pik-12.html]
[adnow.com/ssp_assets/images/pik-13.html]
[adnow.com/ssp_assets/images/arrow.html]
[adnow.com/ssp_assets/images/grid.html]
[adnow.com/ssp_assets/images/pager-bg-top.html]
[adnow.com/ssp_assets/images/pager-bg-bottom.html]
[adnow.com/ssp_assets/images/faq-advert.html]
[adnow.com/ssp_assets/images/faq-part.html]
[bg.adnow.com/bootstrap/css/bootstrap.min1efd.css]
[bg.adnow.com/css/font-awesome.min1efd.css]
[bg.adnow.com/css/ionicons.min1efd.css]
[adnow.com/guide-for-profit.html]
[bg.adnow.com/images/bg-1.jpg]
[bg.adnow.com/images/logo-bg.png]
[bg.adnow.com/images/violet-bg.png]
[bg.adnow.com/images/dark-violet-bg.png]
[bg.adnow.com/images/adv-bg.png]
[bg.adnow.com/images/btn-bg-white.png]
[bg.adnow.com/images/btn-bg-black.png]
[bg.adnow.com/images/btn-bg-violet-dark.png]
[bg.adnow.com/images/btn-bg-violet-light.png]
[bg.adnow.com/images/pik-11.png]
[bg.adnow.com/images/pik-12.png]
[bg.adnow.com/images/pik-13.png]
[bg.adnow.com/images/arrow.png]
[bg.adnow.com/images/grid.png]
[bg.adnow.com/images/pager-bg-top.png]
[bg.adnow.com/images/pager-bg-bottom.png]
[bg.adnow.com/images/faq-advert.jpg]
[bg.adnow.com/images/faq-part.jpg]
[bg.adnow.com/images/but-before.png]
[bg.adnow.com/images/tBg.png]
[bg.adnow.com/images/n-before.png]
[bg.adnow.com/images/n-after.png]
[bg.adnow.com/images/soc/main_soc_icons_v3h.png]
[bg.adnow.com/images/banners/top.png]
[bg.adnow.com/css/adnow1efd.css]
[bg.adnow.com/images/arrow-left.png]
[bg.adnow.com/images/arrow-right.png]
[bg.adnow.com/css/elements1efd.css]
[bg.adnow.com/images/title-bg.png]
[bg.adnow.com/css/responsive1efd.css]
[bg.adnow.com/css/dev1efd.css]
[bg.adnow.com/css/owl.carousel.css]
[bg.adnow.com/404/images/bg-1.jpg]
[bg.adnow.com/404/images/logo-bg.png]
[bg.adnow.com/404/images/violet-bg.png]
[bg.adnow.com/404/images/dark-violet-bg.png]
[bg.adnow.com/404/images/adv-bg.png]
[bg.adnow.com/404/images/btn-bg-white.png]
[bg.adnow.com/404/images/btn-bg-black.png]
[bg.adnow.com/404/images/btn-bg-violet-dark.png]
[bg.adnow.com/404/images/btn-bg-violet-light.png]
[bg.adnow.com/404/images/pik-11.png]
[bg.adnow.com/404/images/pik-12.png]
[bg.adnow.com/404/images/pik-13.png]
[bg.adnow.com/404/images/arrow.png]
[bg.adnow.com/404/images/grid.png]
[bg.adnow.com/404/images/pager-bg-top.png]
[bg.adnow.com/404/images/pager-bg-bottom.png]
[bg.adnow.com/404/images/faq-advert.jpg]
[bg.adnow.com/404/images/faq-part.jpg]
[bg.adnow.com/404/images/404-bg.jpg]
[bg.adnow.com/404/css/adnow.css]
[bg.adnow.com/css/images/soc/fb.html]
[bg.adnow.com/css/images/soc/tw.html]
[bg.adnow.com/css/images/soc/in.html]
[bg.adnow.com/css/images/soc/yt.html]
[bg.adnow.com/css/images/soc/inst.html]
[pt.adnow.com/bootstrap/css/bootstrap.min1efd.css]
[pt.adnow.com/css/font-awesome.min1efd.css]
[pt.adnow.com/css/ionicons.min1efd.css]
[pt.adnow.com/images/bg-1.jpg]
[pt.adnow.com/images/logo-bg.png]
[pt.adnow.com/images/violet-bg.png]
[pt.adnow.com/images/dark-violet-bg.png]
[pt.adnow.com/images/adv-bg.png]
[pt.adnow.com/images/btn-bg-white.png]
[pt.adnow.com/images/btn-bg-black.png]
[pt.adnow.com/images/btn-bg-violet-dark.png]
[pt.adnow.com/images/btn-bg-violet-light.png]
[pt.adnow.com/images/pik-11.png]
[pt.adnow.com/images/pik-12.png]
[pt.adnow.com/images/pik-13.png]
[pt.adnow.com/images/arrow.png]
[pt.adnow.com/images/grid.png]
[pt.adnow.com/images/pager-bg-top.png]
[pt.adnow.com/images/pager-bg-bottom.png]
[pt.adnow.com/images/faq-advert.jpg]
[pt.adnow.com/images/faq-part.jpg]
[pt.adnow.com/images/but-before.png]
[pt.adnow.com/images/tBg.png]
[pt.adnow.com/images/n-before.png]
[pt.adnow.com/images/n-after.png]
[pt.adnow.com/images/soc/main_soc_icons_v3h.png]
[pt.adnow.com/images/banners/top.png]
[pt.adnow.com/css/adnow1efd.css]
[pt.adnow.com/images/arrow-left.png]
[pt.adnow.com/images/arrow-right.png]
[pt.adnow.com/css/elements1efd.css]
[pt.adnow.com/images/title-bg.png]
[pt.adnow.com/css/responsive1efd.css]
[pt.adnow.com/css/dev1efd.css]
[pt.adnow.com/css/owl.carousel.css]
[pt.adnow.com/404/images/bg-1.jpg]
[pt.adnow.com/404/images/logo-bg.png]
[pt.adnow.com/404/images/violet-bg.png]
[pt.adnow.com/404/images/dark-violet-bg.png]
[pt.adnow.com/404/images/adv-bg.png]
[pt.adnow.com/404/images/btn-bg-white.png]
[pt.adnow.com/404/images/btn-bg-black.png]
[pt.adnow.com/404/images/btn-bg-violet-dark.png]
[pt.adnow.com/404/images/btn-bg-violet-light.png]
[pt.adnow.com/404/images/pik-11.png]
[pt.adnow.com/404/images/pik-12.png]
[pt.adnow.com/404/images/pik-13.png]
[pt.adnow.com/404/images/arrow.png]
[pt.adnow.com/404/images/grid.png]
[pt.adnow.com/404/images/pager-bg-top.png]
[pt.adnow.com/404/images/pager-bg-bottom.png]
[pt.adnow.com/404/images/faq-advert.jpg]
[pt.adnow.com/404/images/faq-part.jpg]
[pt.adnow.com/404/images/404-bg.jpg]
[pt.adnow.com/404/css/adnow.css]
[pt.adnow.com/css/images/soc/fb.html]
[pt.adnow.com/css/images/soc/tw.html]
[pt.adnow.com/css/images/soc/in.html]
[pt.adnow.com/css/images/soc/yt.html]
[pt.adnow.com/css/images/soc/inst.html]
[pl.adnow.com/bootstrap/css/bootstrap.min1efd.css]
[pl.adnow.com/css/font-awesome.min1efd.css]
[pl.adnow.com/css/ionicons.min1efd.css]
[pl.adnow.com/images/bg-1.jpg]
[pl.adnow.com/images/logo-bg.png]
[pl.adnow.com/images/violet-bg.png]
[pl.adnow.com/images/dark-violet-bg.png]
[pl.adnow.com/images/adv-bg.png]
[pl.adnow.com/images/btn-bg-white.png]
[pl.adnow.com/images/btn-bg-black.png]
[pl.adnow.com/images/btn-bg-violet-dark.png]
[pl.adnow.com/images/btn-bg-violet-light.png]
[pl.adnow.com/images/pik-11.png]
[pl.adnow.com/images/pik-12.png]
[pl.adnow.com/images/pik-13.png]
[pl.adnow.com/images/arrow.png]
[pl.adnow.com/images/grid.png]
[pl.adnow.com/images/pager-bg-top.png]
[pl.adnow.com/images/pager-bg-bottom.png]
[pl.adnow.com/images/faq-advert.jpg]
[pl.adnow.com/images/faq-part.jpg]
[pl.adnow.com/images/but-before.png]
[pl.adnow.com/images/tBg.png]
[pl.adnow.com/images/n-before.png]
[pl.adnow.com/images/n-after.png]
[pl.adnow.com/images/soc/main_soc_icons_v3h.png]
[pl.adnow.com/images/banners/top.png]
[pl.adnow.com/css/adnow1efd.css]
[pl.adnow.com/images/arrow-left.png]
[pl.adnow.com/images/arrow-right.png]
[pl.adnow.com/css/elements1efd.css]
[pl.adnow.com/images/title-bg.png]
[pl.adnow.com/css/responsive1efd.css]
[pl.adnow.com/css/dev1efd.css]
[pl.adnow.com/css/owl.carousel.css]
[pl.adnow.com/404/images/bg-1.jpg]
[pl.adnow.com/404/images/logo-bg.png]
[pl.adnow.com/404/images/violet-bg.png]
[pl.adnow.com/404/images/dark-violet-bg.png]
[pl.adnow.com/404/images/adv-bg.png]
[pl.adnow.com/404/images/btn-bg-white.png]
[pl.adnow.com/404/images/btn-bg-black.png]
[pl.adnow.com/404/images/btn-bg-violet-dark.png]
[pl.adnow.com/404/images/btn-bg-violet-light.png]
[pl.adnow.com/404/images/pik-11.png]
[pl.adnow.com/404/images/pik-12.png]
[pl.adnow.com/404/images/pik-13.png]
[pl.adnow.com/404/images/arrow.png]
[pl.adnow.com/404/images/grid.png]
[pl.adnow.com/404/images/pager-bg-top.png]
[pl.adnow.com/404/images/pager-bg-bottom.png]
[pl.adnow.com/404/images/faq-advert.jpg]
[pl.adnow.com/404/images/faq-part.jpg]
[pl.adnow.com/404/images/404-bg.jpg]
[pl.adnow.com/404/css/adnow.css]
[pl.adnow.com/css/images/soc/fb.html]
[pl.adnow.com/css/images/soc/tw.html]
[pl.adnow.com/css/images/soc/in.html]
[pl.adnow.com/css/images/soc/yt.html]
[pl.adnow.com/css/images/soc/inst.html]
[cs.adnow.com/bootstrap/css/bootstrap.min1efd.css]
[cs.adnow.com/css/font-awesome.min1efd.css]
[cs.adnow.com/css/ionicons.min1efd.css]
[cs.adnow.com/images/bg-1.jpg]
[cs.adnow.com/images/logo-bg.png]
[cs.adnow.com/images/violet-bg.png]
[cs.adnow.com/images/dark-violet-bg.png]
[cs.adnow.com/images/adv-bg.png]
[cs.adnow.com/images/btn-bg-white.png]
[cs.adnow.com/images/btn-bg-black.png]
[cs.adnow.com/images/btn-bg-violet-dark.png]
[cs.adnow.com/images/btn-bg-violet-light.png]
[cs.adnow.com/images/pik-11.png]
[cs.adnow.com/images/pik-12.png]
[cs.adnow.com/images/pik-13.png]
[cs.adnow.com/images/arrow.png]
[cs.adnow.com/images/grid.png]
[cs.adnow.com/images/pager-bg-top.png]
[cs.adnow.com/images/pager-bg-bottom.png]
[cs.adnow.com/images/faq-advert.jpg]
[cs.adnow.com/images/faq-part.jpg]
[cs.adnow.com/images/but-before.png]
[cs.adnow.com/images/tBg.png]
[cs.adnow.com/images/n-before.png]
[cs.adnow.com/images/n-after.png]
[cs.adnow.com/images/soc/main_soc_icons_v3h.png]
[cs.adnow.com/images/banners/top.png]
[cs.adnow.com/css/adnow1efd.css]
[cs.adnow.com/images/arrow-left.png]
[cs.adnow.com/images/arrow-right.png]
[cs.adnow.com/css/elements1efd.css]
[cs.adnow.com/images/title-bg.png]
[cs.adnow.com/css/responsive1efd.css]
[cs.adnow.com/css/dev1efd.css]
[cs.adnow.com/css/owl.carousel.css]
[cs.adnow.com/404/images/bg-1.jpg]
[cs.adnow.com/404/images/logo-bg.png]
[cs.adnow.com/404/images/violet-bg.png]
[cs.adnow.com/404/images/dark-violet-bg.png]
[cs.adnow.com/404/images/adv-bg.png]
[cs.adnow.com/404/images/btn-bg-white.png]
[cs.adnow.com/404/images/btn-bg-black.png]
[cs.adnow.com/404/images/btn-bg-violet-dark.png]
[cs.adnow.com/404/images/btn-bg-violet-light.png]
[cs.adnow.com/404/images/pik-11.png]
[cs.adnow.com/404/images/pik-12.png]
[cs.adnow.com/404/images/pik-13.png]
[cs.adnow.com/404/images/arrow.png]
[cs.adnow.com/404/images/grid.png]
[cs.adnow.com/404/images/pager-bg-top.png]
[cs.adnow.com/404/images/pager-bg-bottom.png]
[cs.adnow.com/404/images/faq-advert.jpg]
[cs.adnow.com/404/images/faq-part.jpg]
[cs.adnow.com/404/images/404-bg.jpg]
[cs.adnow.com/404/css/adnow.css]
[cs.adnow.com/css/images/soc/fb.html]
[cs.adnow.com/css/images/soc/tw.html]
[cs.adnow.com/css/images/soc/in.html]
[cs.adnow.com/css/images/soc/yt.html]
[cs.adnow.com/css/images/soc/inst.html]
[fr.adnow.com/bootstrap/css/bootstrap.min1efd.css]
[fr.adnow.com/css/font-awesome.min1efd.css]
[fr.adnow.com/css/ionicons.min1efd.css]
[fr.adnow.com/images/bg-1.jpg]
[fr.adnow.com/images/logo-bg.png]
[fr.adnow.com/images/violet-bg.png]
[fr.adnow.com/images/dark-violet-bg.png]
[fr.adnow.com/images/adv-bg.png]
[fr.adnow.com/images/btn-bg-white.png]
[fr.adnow.com/images/btn-bg-black.png]
[fr.adnow.com/images/btn-bg-violet-dark.png]
[fr.adnow.com/images/btn-bg-violet-light.png]
[fr.adnow.com/images/pik-11.png]
[fr.adnow.com/images/pik-12.png]
[fr.adnow.com/images/pik-13.png]
[fr.adnow.com/images/arrow.png]
[fr.adnow.com/images/grid.png]
[fr.adnow.com/images/pager-bg-top.png]
[fr.adnow.com/images/pager-bg-bottom.png]
[fr.adnow.com/images/faq-advert.jpg]
[fr.adnow.com/images/faq-part.jpg]
[fr.adnow.com/images/but-before.png]
[fr.adnow.com/images/tBg.png]
[fr.adnow.com/images/n-before.png]
[fr.adnow.com/images/n-after.png]
[fr.adnow.com/images/soc/main_soc_icons_v3h.png]
[fr.adnow.com/images/banners/top.png]
[fr.adnow.com/css/adnow1efd.css]
[fr.adnow.com/images/arrow-left.png]
[fr.adnow.com/images/arrow-right.png]
[fr.adnow.com/css/elements1efd.css]
[fr.adnow.com/images/title-bg.png]
[fr.adnow.com/css/responsive1efd.css]
[fr.adnow.com/css/dev1efd.css]
[fr.adnow.com/css/owl.carousel.css]
[fr.adnow.com/404/images/bg-1.jpg]
[fr.adnow.com/404/images/logo-bg.png]
[fr.adnow.com/404/images/violet-bg.png]
[fr.adnow.com/404/images/dark-violet-bg.png]
[fr.adnow.com/404/images/adv-bg.png]
[fr.adnow.com/404/images/btn-bg-white.png]
[fr.adnow.com/404/images/btn-bg-black.png]
[fr.adnow.com/404/images/btn-bg-violet-dark.png]
[fr.adnow.com/404/images/btn-bg-violet-light.png]
[fr.adnow.com/404/images/pik-11.png]
[fr.adnow.com/404/images/pik-12.png]
[fr.adnow.com/404/images/pik-13.png]
[fr.adnow.com/404/images/arrow.png]
[fr.adnow.com/404/images/grid.png]
[fr.adnow.com/404/images/pager-bg-top.png]
[fr.adnow.com/404/images/pager-bg-bottom.png]
[fr.adnow.com/404/images/faq-advert.jpg]
[fr.adnow.com/404/images/faq-part.jpg]
[fr.adnow.com/404/images/404-bg.jpg]
[fr.adnow.com/404/css/adnow.css]
[fr.adnow.com/css/images/soc/fb.html]
[fr.adnow.com/css/images/soc/tw.html]
[fr.adnow.com/css/images/soc/in.html]
[fr.adnow.com/css/images/soc/yt.html]
[fr.adnow.com/css/images/soc/inst.html]
[id.adnow.com/bootstrap/css/bootstrap.min1efd.css]
[id.adnow.com/css/font-awesome.min1efd.css]
[id.adnow.com/css/ionicons.min1efd.css]
[id.adnow.com/images/bg-1.jpg]
[id.adnow.com/images/logo-bg.png]
[id.adnow.com/images/violet-bg.png]
[id.adnow.com/images/dark-violet-bg.png]
[id.adnow.com/images/adv-bg.png]
[id.adnow.com/images/btn-bg-white.png]
[id.adnow.com/images/btn-bg-black.png]
[id.adnow.com/images/btn-bg-violet-dark.png]
[id.adnow.com/images/btn-bg-violet-light.png]
[id.adnow.com/images/pik-11.png]
[id.adnow.com/images/pik-12.png]
[id.adnow.com/images/pik-13.png]
[id.adnow.com/images/arrow.png]
[id.adnow.com/images/grid.png]
[id.adnow.com/images/pager-bg-top.png]
[id.adnow.com/images/pager-bg-bottom.png]
[id.adnow.com/images/faq-advert.jpg]
[id.adnow.com/images/faq-part.jpg]
[id.adnow.com/images/but-before.png]
[id.adnow.com/images/tBg.png]
[id.adnow.com/images/n-before.png]
[id.adnow.com/images/n-after.png]
[id.adnow.com/images/soc/main_soc_icons_v3h.png]
[id.adnow.com/images/banners/top.png]
[id.adnow.com/css/adnow1efd.css]
[id.adnow.com/images/arrow-left.png]
[id.adnow.com/images/arrow-right.png]
[id.adnow.com/css/elements1efd.css]
[id.adnow.com/images/title-bg.png]
[id.adnow.com/css/responsive1efd.css]
[id.adnow.com/css/dev1efd.css]
[id.adnow.com/css/owl.carousel.css]
[id.adnow.com/404/images/bg-1.jpg]
[id.adnow.com/404/images/logo-bg.png]
[id.adnow.com/404/images/violet-bg.png]
[id.adnow.com/404/images/dark-violet-bg.png]
[id.adnow.com/404/images/adv-bg.png]
[id.adnow.com/404/images/btn-bg-white.png]
[id.adnow.com/404/images/btn-bg-black.png]
[id.adnow.com/404/images/btn-bg-violet-dark.png]
[id.adnow.com/404/images/btn-bg-violet-light.png]
[id.adnow.com/404/images/pik-11.png]
[id.adnow.com/404/images/pik-12.png]
[id.adnow.com/404/images/pik-13.png]
[id.adnow.com/404/images/arrow.png]
[id.adnow.com/404/images/grid.png]
[id.adnow.com/404/images/pager-bg-top.png]
[id.adnow.com/404/images/pager-bg-bottom.png]
[id.adnow.com/404/images/faq-advert.jpg]
[id.adnow.com/404/images/faq-part.jpg]
[id.adnow.com/404/images/404-bg.jpg]
[id.adnow.com/404/css/adnow.css]
[id.adnow.com/css/images/soc/fb.html]
[id.adnow.com/css/images/soc/tw.html]
[id.adnow.com/css/images/soc/in.html]
[id.adnow.com/css/images/soc/yt.html]
[id.adnow.com/css/images/soc/inst.html]
[ja.adnow.com/bootstrap/css/bootstrap.min1efd.css]
[ja.adnow.com/css/font-awesome.min1efd.css]
[ja.adnow.com/css/ionicons.min1efd.css]
[ja.adnow.com/images/bg-1.jpg]
[ja.adnow.com/images/logo-bg.png]
[ja.adnow.com/images/violet-bg.png]
[ja.adnow.com/images/dark-violet-bg.png]
[ja.adnow.com/images/adv-bg.png]
[ja.adnow.com/images/btn-bg-white.png]
[ja.adnow.com/images/btn-bg-black.png]
[ja.adnow.com/images/btn-bg-violet-dark.png]
[ja.adnow.com/images/btn-bg-violet-light.png]
[ja.adnow.com/images/pik-11.png]
[ja.adnow.com/images/pik-12.png]
[ja.adnow.com/images/pik-13.png]
[ja.adnow.com/images/arrow.png]
[ja.adnow.com/images/grid.png]
[ja.adnow.com/images/pager-bg-top.png]
[ja.adnow.com/images/pager-bg-bottom.png]
[ja.adnow.com/images/faq-advert.jpg]
[ja.adnow.com/images/faq-part.jpg]
[ja.adnow.com/images/but-before.png]
[ja.adnow.com/images/tBg.png]
[ja.adnow.com/images/n-before.png]
[ja.adnow.com/images/n-after.png]
[ja.adnow.com/images/soc/main_soc_icons_v3h.png]
[ja.adnow.com/images/banners/top.png]
[ja.adnow.com/css/adnow1efd.css]
[ja.adnow.com/images/arrow-left.png]
[ja.adnow.com/images/arrow-right.png]
[ja.adnow.com/css/elements1efd.css]
[ja.adnow.com/images/title-bg.png]
[ja.adnow.com/css/responsive1efd.css]
[ja.adnow.com/css/dev1efd.css]
[ja.adnow.com/css/owl.carousel.css]
[ja.adnow.com/404/images/bg-1.jpg]
[ja.adnow.com/404/images/logo-bg.png]
[ja.adnow.com/404/images/violet-bg.png]
[ja.adnow.com/404/images/dark-violet-bg.png]
[ja.adnow.com/404/images/adv-bg.png]
[ja.adnow.com/404/images/btn-bg-white.png]
[ja.adnow.com/404/images/btn-bg-black.png]
[ja.adnow.com/404/images/btn-bg-violet-dark.png]
[ja.adnow.com/404/images/btn-bg-violet-light.png]
[ja.adnow.com/404/images/pik-11.png]
[ja.adnow.com/404/images/pik-12.png]
[ja.adnow.com/404/images/pik-13.png]
[ja.adnow.com/404/images/arrow.png]
[ja.adnow.com/404/images/grid.png]
[ja.adnow.com/404/images/pager-bg-top.png]
[ja.adnow.com/404/images/pager-bg-bottom.png]
[ja.adnow.com/404/images/faq-advert.jpg]
[ja.adnow.com/404/images/faq-part.jpg]
[ja.adnow.com/404/images/404-bg.jpg]
[ja.adnow.com/404/css/adnow.css]
[ja.adnow.com/css/images/soc/fb.html]
[ja.adnow.com/css/images/soc/tw.html]
[ja.adnow.com/css/images/soc/in.html]
[ja.adnow.com/css/images/soc/yt.html]
[ja.adnow.com/css/images/soc/inst.html]
[el.adnow.com/bootstrap/css/bootstrap.min1efd.css]
[el.adnow.com/css/font-awesome.min1efd.css]
[el.adnow.com/css/ionicons.min1efd.css]
[el.adnow.com/images/bg-1.jpg]
[el.adnow.com/images/logo-bg.png]
[el.adnow.com/images/violet-bg.png]
[el.adnow.com/images/dark-violet-bg.png]
[el.adnow.com/images/adv-bg.png]
[el.adnow.com/images/btn-bg-white.png]
[el.adnow.com/images/btn-bg-black.png]
[el.adnow.com/images/btn-bg-violet-dark.png]
[el.adnow.com/images/btn-bg-violet-light.png]
[el.adnow.com/images/pik-11.png]
[el.adnow.com/images/pik-12.png]
[el.adnow.com/images/pik-13.png]
[el.adnow.com/images/arrow.png]
[el.adnow.com/images/grid.png]
[el.adnow.com/images/pager-bg-top.png]
[el.adnow.com/images/pager-bg-bottom.png]
[el.adnow.com/images/faq-advert.jpg]
[el.adnow.com/images/faq-part.jpg]
[el.adnow.com/images/but-before.png]
[el.adnow.com/images/tBg.png]
[el.adnow.com/images/n-before.png]
[el.adnow.com/images/n-after.png]
[el.adnow.com/images/soc/main_soc_icons_v3h.png]
[el.adnow.com/images/banners/top.png]
[el.adnow.com/css/adnow1efd.css]
[el.adnow.com/images/arrow-left.png]
[el.adnow.com/images/arrow-right.png]
[el.adnow.com/css/elements1efd.css]
[el.adnow.com/images/title-bg.png]
[el.adnow.com/css/responsive1efd.css]
[el.adnow.com/css/dev1efd.css]
[el.adnow.com/css/owl.carousel.css]
[el.adnow.com/404/images/bg-1.jpg]
[el.adnow.com/404/images/logo-bg.png]
[el.adnow.com/404/images/violet-bg.png]
[el.adnow.com/404/images/dark-violet-bg.png]
[el.adnow.com/404/images/adv-bg.png]
[el.adnow.com/404/images/btn-bg-white.png]
[el.adnow.com/404/images/btn-bg-black.png]
[el.adnow.com/404/images/btn-bg-violet-dark.png]
[el.adnow.com/404/images/btn-bg-violet-light.png]
[el.adnow.com/404/images/pik-11.png]
[el.adnow.com/404/images/pik-12.png]
[el.adnow.com/404/images/pik-13.png]
[el.adnow.com/404/images/arrow.png]
[el.adnow.com/404/images/grid.png]
[el.adnow.com/404/images/pager-bg-top.png]
[el.adnow.com/404/images/pager-bg-bottom.png]
[el.adnow.com/404/images/faq-advert.jpg]
[el.adnow.com/404/images/faq-part.jpg]
[el.adnow.com/404/images/404-bg.jpg]
[el.adnow.com/404/css/adnow.css]
[el.adnow.com/css/images/soc/fb.html]
[el.adnow.com/css/images/soc/tw.html]
[el.adnow.com/css/images/soc/in.html]
[el.adnow.com/css/images/soc/yt.html]
[el.adnow.com/css/images/soc/inst.html]
[th.adnow.com/bootstrap/css/bootstrap.min1efd.css]
[th.adnow.com/css/font-awesome.min1efd.css]
[th.adnow.com/css/ionicons.min1efd.css]
[th.adnow.com/images/bg-1.jpg]
[th.adnow.com/images/logo-bg.png]
[th.adnow.com/images/violet-bg.png]
[th.adnow.com/images/dark-violet-bg.png]
[th.adnow.com/images/adv-bg.png]
[th.adnow.com/images/btn-bg-white.png]
[th.adnow.com/images/btn-bg-black.png]
[th.adnow.com/images/btn-bg-violet-dark.png]
[th.adnow.com/images/btn-bg-violet-light.png]
[th.adnow.com/images/pik-11.png]
[th.adnow.com/images/pik-12.png]
[th.adnow.com/images/pik-13.png]
[th.adnow.com/images/arrow.png]
[th.adnow.com/images/grid.png]
[th.adnow.com/images/pager-bg-top.png]
[th.adnow.com/images/pager-bg-bottom.png]
[th.adnow.com/images/faq-advert.jpg]
[th.adnow.com/images/faq-part.jpg]
[th.adnow.com/images/but-before.png]
[th.adnow.com/images/tBg.png]
[th.adnow.com/images/n-before.png]
[th.adnow.com/images/n-after.png]
[th.adnow.com/images/soc/main_soc_icons_v3h.png]
[th.adnow.com/images/banners/top.png]
[th.adnow.com/css/adnow1efd.css]
[th.adnow.com/images/arrow-left.png]
[th.adnow.com/images/arrow-right.png]
[th.adnow.com/css/elements1efd.css]
[th.adnow.com/images/title-bg.png]
[th.adnow.com/css/responsive1efd.css]
[th.adnow.com/css/dev1efd.css]
[th.adnow.com/css/owl.carousel.css]
[th.adnow.com/404/images/bg-1.jpg]
[th.adnow.com/404/images/logo-bg.png]
[th.adnow.com/404/images/violet-bg.png]
[th.adnow.com/404/images/dark-violet-bg.png]
[th.adnow.com/404/images/adv-bg.png]
[th.adnow.com/404/images/btn-bg-white.png]
[th.adnow.com/404/images/btn-bg-black.png]
[th.adnow.com/404/images/btn-bg-violet-dark.png]
[th.adnow.com/404/images/btn-bg-violet-light.png]
[th.adnow.com/404/images/pik-11.png]
[th.adnow.com/404/images/pik-12.png]
[th.adnow.com/404/images/pik-13.png]
[th.adnow.com/404/images/arrow.png]
[th.adnow.com/404/images/grid.png]
[th.adnow.com/404/images/pager-bg-top.png]
[th.adnow.com/404/images/pager-bg-bottom.png]
[th.adnow.com/404/images/faq-advert.jpg]
[th.adnow.com/404/images/faq-part.jpg]
[th.adnow.com/404/images/404-bg.jpg]
[th.adnow.com/404/css/adnow.css]
[th.adnow.com/css/images/soc/fb.html]
[th.adnow.com/css/images/soc/tw.html]
[th.adnow.com/css/images/soc/in.html]
[th.adnow.com/css/images/soc/yt.html]
[th.adnow.com/css/images/soc/inst.html]
[vi.adnow.com/bootstrap/css/bootstrap.min1efd.css]
[vi.adnow.com/css/font-awesome.min1efd.css]
[vi.adnow.com/css/ionicons.min1efd.css]
[vi.adnow.com/images/bg-1.jpg]
[vi.adnow.com/images/logo-bg.png]
[vi.adnow.com/images/violet-bg.png]
[vi.adnow.com/images/dark-violet-bg.png]
[vi.adnow.com/images/adv-bg.png]
[vi.adnow.com/images/btn-bg-white.png]
[vi.adnow.com/images/btn-bg-black.png]
[vi.adnow.com/images/btn-bg-violet-dark.png]
[vi.adnow.com/images/btn-bg-violet-light.png]
[vi.adnow.com/images/pik-11.png]
[vi.adnow.com/images/pik-12.png]
[vi.adnow.com/images/pik-13.png]
[vi.adnow.com/images/arrow.png]
[vi.adnow.com/images/grid.png]
[vi.adnow.com/images/pager-bg-top.png]
[vi.adnow.com/images/pager-bg-bottom.png]
[vi.adnow.com/images/faq-advert.jpg]
[vi.adnow.com/images/faq-part.jpg]
[vi.adnow.com/images/but-before.png]
[vi.adnow.com/images/tBg.png]
[vi.adnow.com/images/n-before.png]
[vi.adnow.com/images/n-after.png]
[vi.adnow.com/images/soc/main_soc_icons_v3h.png]
[vi.adnow.com/images/banners/top.png]
[vi.adnow.com/css/adnow1efd.css]
[vi.adnow.com/images/arrow-left.png]
[vi.adnow.com/images/arrow-right.png]
[vi.adnow.com/css/elements1efd.css]
[vi.adnow.com/images/title-bg.png]
[vi.adnow.com/css/responsive1efd.css]
[vi.adnow.com/css/dev1efd.css]
[vi.adnow.com/css/owl.carousel.css]
[vi.adnow.com/404/images/bg-1.jpg]
[vi.adnow.com/404/images/logo-bg.png]
[vi.adnow.com/404/images/violet-bg.png]
[vi.adnow.com/404/images/dark-violet-bg.png]
[vi.adnow.com/404/images/adv-bg.png]
[vi.adnow.com/404/images/btn-bg-white.png]
[vi.adnow.com/404/images/btn-bg-black.png]
[vi.adnow.com/404/images/btn-bg-violet-dark.png]
[vi.adnow.com/404/images/btn-bg-violet-light.png]
[vi.adnow.com/404/images/pik-11.png]
[vi.adnow.com/404/images/pik-12.png]
[vi.adnow.com/404/images/pik-13.png]
[vi.adnow.com/404/images/arrow.png]
[vi.adnow.com/404/images/grid.png]
[vi.adnow.com/404/images/pager-bg-top.png]
[vi.adnow.com/404/images/pager-bg-bottom.png]
[vi.adnow.com/404/images/faq-advert.jpg]
[vi.adnow.com/404/images/faq-part.jpg]
[vi.adnow.com/404/images/404-bg.jpg]
[vi.adnow.com/404/css/adnow.css]
[vi.adnow.com/css/images/soc/fb.html]
[vi.adnow.com/css/images/soc/tw.html]
[vi.adnow.com/css/images/soc/in.html]
[vi.adnow.com/css/images/soc/yt.html]
[vi.adnow.com/css/images/soc/inst.html]
[zh.adnow.com/bootstrap/css/bootstrap.min1efd.css]
[zh.adnow.com/css/font-awesome.min1efd.css]
[zh.adnow.com/css/ionicons.min1efd.css]
[zh.adnow.com/images/bg-1.jpg]
[zh.adnow.com/images/logo-bg.png]
[zh.adnow.com/images/violet-bg.png]
[zh.adnow.com/images/dark-violet-bg.png]
[zh.adnow.com/images/adv-bg.png]
[zh.adnow.com/images/btn-bg-white.png]
[zh.adnow.com/images/btn-bg-black.png]
[zh.adnow.com/images/btn-bg-violet-dark.png]
[zh.adnow.com/images/btn-bg-violet-light.png]
[zh.adnow.com/images/pik-11.png]
[zh.adnow.com/images/pik-12.png]
[zh.adnow.com/images/pik-13.png]
[zh.adnow.com/images/arrow.png]
[zh.adnow.com/images/grid.png]
[zh.adnow.com/images/pager-bg-top.png]
[zh.adnow.com/images/pager-bg-bottom.png]
[zh.adnow.com/images/faq-advert.jpg]
[zh.adnow.com/images/faq-part.jpg]
[zh.adnow.com/images/but-before.png]
[zh.adnow.com/images/tBg.png]
[zh.adnow.com/images/n-before.png]
[zh.adnow.com/images/n-after.png]
[zh.adnow.com/images/soc/main_soc_icons_v3h.png]
[zh.adnow.com/images/banners/top.png]
[zh.adnow.com/css/adnow1efd.css]
[zh.adnow.com/images/arrow-left.png]
[zh.adnow.com/images/arrow-right.png]
[zh.adnow.com/css/elements1efd.css]
[zh.adnow.com/images/title-bg.png]
[zh.adnow.com/css/responsive1efd.css]
[zh.adnow.com/css/dev1efd.css]
[zh.adnow.com/css/owl.carousel.css]
[zh.adnow.com/404/images/bg-1.jpg]
[zh.adnow.com/404/images/logo-bg.png]
[zh.adnow.com/404/images/violet-bg.png]
[zh.adnow.com/404/images/dark-violet-bg.png]
[zh.adnow.com/404/images/adv-bg.png]
[zh.adnow.com/404/images/btn-bg-white.png]
[zh.adnow.com/404/images/btn-bg-black.png]
[zh.adnow.com/404/images/btn-bg-violet-dark.png]
[zh.adnow.com/404/images/btn-bg-violet-light.png]
[zh.adnow.com/404/images/pik-11.png]
[zh.adnow.com/404/images/pik-12.png]
[zh.adnow.com/404/images/pik-13.png]
[zh.adnow.com/404/images/arrow.png]
[zh.adnow.com/404/images/grid.png]
[zh.adnow.com/404/images/pager-bg-top.png]
[zh.adnow.com/404/images/pager-bg-bottom.png]
[zh.adnow.com/404/images/faq-advert.jpg]
[zh.adnow.com/404/images/faq-part.jpg]
[zh.adnow.com/404/images/404-bg.jpg]
[zh.adnow.com/404/css/adnow.css]
[zh.adnow.com/css/images/soc/fb.html]
[zh.adnow.com/css/images/soc/tw.html]
[zh.adnow.com/css/images/soc/in.html]
[zh.adnow.com/css/images/soc/yt.html]
[zh.adnow.com/css/images/soc/inst.html]
[fa.adnow.com/bootstrap/css/bootstrap.min1efd.css]
[fa.adnow.com/css/font-awesome.min1efd.css]
[fa.adnow.com/css/ionicons.min1efd.css]
[fa.adnow.com/images/bg-1.jpg]
[fa.adnow.com/images/logo-bg.png]
[fa.adnow.com/images/violet-bg.png]
[fa.adnow.com/images/dark-violet-bg.png]
[fa.adnow.com/images/adv-bg.png]
[fa.adnow.com/images/btn-bg-white.png]
[fa.adnow.com/images/btn-bg-black.png]
[fa.adnow.com/images/btn-bg-violet-dark.png]
[fa.adnow.com/images/btn-bg-violet-light.png]
[fa.adnow.com/images/pik-11.png]
[fa.adnow.com/images/pik-12.png]
[fa.adnow.com/images/pik-13.png]
[fa.adnow.com/images/arrow.png]
[fa.adnow.com/images/grid.png]
[fa.adnow.com/images/pager-bg-top.png]
[fa.adnow.com/images/pager-bg-bottom.png]
[fa.adnow.com/images/faq-advert.jpg]
[fa.adnow.com/images/faq-part.jpg]
[fa.adnow.com/images/but-before.png]
[fa.adnow.com/images/tBg.png]
[fa.adnow.com/images/n-before.png]
[fa.adnow.com/images/n-after.png]
[fa.adnow.com/images/soc/main_soc_icons_v3h.png]
[fa.adnow.com/images/banners/top.png]
[fa.adnow.com/css/adnow1efd.css]
[fa.adnow.com/images/arrow-left.png]
[fa.adnow.com/images/arrow-right.png]
[fa.adnow.com/css/elements1efd.css]
[fa.adnow.com/images/title-bg.png]
[fa.adnow.com/css/responsive1efd.css]
[fa.adnow.com/css/dev1efd.css]
[fa.adnow.com/css/owl.carousel.css]
[fa.adnow.com/404/images/bg-1.jpg]
[fa.adnow.com/404/images/logo-bg.png]
[fa.adnow.com/404/images/violet-bg.png]
[fa.adnow.com/404/images/dark-violet-bg.png]
[fa.adnow.com/404/images/adv-bg.png]
[fa.adnow.com/404/images/btn-bg-white.png]
[fa.adnow.com/404/images/btn-bg-black.png]
[fa.adnow.com/404/images/btn-bg-violet-dark.png]
[fa.adnow.com/404/images/btn-bg-violet-light.png]
[fa.adnow.com/404/images/pik-11.png]
[fa.adnow.com/404/images/pik-12.png]
[fa.adnow.com/404/images/pik-13.png]
[fa.adnow.com/404/images/arrow.png]
[fa.adnow.com/404/images/grid.png]
[fa.adnow.com/404/images/pager-bg-top.png]
[fa.adnow.com/404/images/pager-bg-bottom.png]
[fa.adnow.com/404/images/faq-advert.jpg]
[fa.adnow.com/404/images/faq-part.jpg]
[fa.adnow.com/404/images/404-bg.jpg]
[fa.adnow.com/404/css/adnow.css]
[fa.adnow.com/css/images/soc/fb.html]
[fa.adnow.com/css/images/soc/tw.html]
[fa.adnow.com/css/images/soc/in.html]
[fa.adnow.com/css/images/soc/yt.html]
[fa.adnow.com/css/images/soc/inst.html]
[adnow.com/404/images/bg-1.html]
[adnow.com/404/images/logo-bg.html]
[adnow.com/404/images/violet-bg.html]
[adnow.com/404/images/dark-violet-bg.html]
[adnow.com/404/images/adv-bg.html]
[adnow.com/404/images/btn-bg-white.html]
[adnow.com/404/images/btn-bg-black.html]
[adnow.com/404/images/btn-bg-violet-dark.html]
[adnow.com/404/images/btn-bg-violet-light.html]
[adnow.com/404/images/pik-11.html]
[adnow.com/404/images/pik-12.html]
[adnow.com/404/images/pik-13.html]
[adnow.com/404/images/arrow.html]
[adnow.com/404/images/grid.html]
[adnow.com/404/images/pager-bg-top.html]
[adnow.com/404/images/pager-bg-bottom.html]
[adnow.com/404/images/faq-advert.html]
[adnow.com/404/images/faq-part.html]
[adnow.com/blog/wp-content/themes/adnow-blog/fonts/fontawesome-webfont3295.svg]
[adnow.com/sign-up2134.html]
[adnow.com/landing/guide-for-profit/css/main.css]
[adnow.com/landing/guide-for-profit/css/flickity.css]
[adnow.com/landing/guide-for-profit/css/styles.css]
[adnow.com/landing/guide-for-profit/js/isMobile.min.js]
[adnow.com/landing/guide-for-profit/images/logo-about.png]
[adnow.com/landing/guide-for-profit/images/r1.png]
[adnow.com/landing/guide-for-profit/images/r2.png]
[adnow.com/landing/guide-for-profit/images/r3.png]
[adnow.com/landing/guide-for-profit/js/frameplayer.js]
[adnow.com/landing/guide-for-profit/js/flickity.pkgd.min.js]
[adnow.com/landing/guide-for-profit/js/main.js]
[adnow.com/guide-for-profit.html]
[bg.adnow.com/404/images/bg-1.html]
[bg.adnow.com/404/images/logo-bg.html]
[bg.adnow.com/404/images/violet-bg.html]
[bg.adnow.com/404/images/dark-violet-bg.html]
[bg.adnow.com/404/images/adv-bg.html]
[bg.adnow.com/404/images/btn-bg-white.html]
[bg.adnow.com/404/images/btn-bg-black.html]
[bg.adnow.com/404/images/btn-bg-violet-dark.html]
[bg.adnow.com/404/images/btn-bg-violet-light.html]
[bg.adnow.com/404/images/pik-11.html]
[bg.adnow.com/404/images/pik-12.html]
[bg.adnow.com/404/images/pik-13.html]
[bg.adnow.com/404/images/arrow.html]
[bg.adnow.com/404/images/grid.html]
[bg.adnow.com/404/images/pager-bg-top.html]
[bg.adnow.com/404/images/pager-bg-bottom.html]
[bg.adnow.com/404/images/faq-advert.html]
[bg.adnow.com/404/images/faq-part.html]
[pt.adnow.com/404/images/bg-1.html]
[pt.adnow.com/404/images/logo-bg.html]
[pt.adnow.com/404/images/violet-bg.html]
[pt.adnow.com/404/images/dark-violet-bg.html]
[pt.adnow.com/404/images/adv-bg.html]
[pt.adnow.com/404/images/btn-bg-white.html]
[pt.adnow.com/404/images/btn-bg-black.html]
[pt.adnow.com/404/images/btn-bg-violet-dark.html]
[pt.adnow.com/404/images/btn-bg-violet-light.html]
[pt.adnow.com/404/images/pik-11.html]
[pt.adnow.com/404/images/pik-12.html]
[pt.adnow.com/404/images/pik-13.html]
[pt.adnow.com/404/images/arrow.html]
[pt.adnow.com/404/images/grid.html]
[pt.adnow.com/404/images/pager-bg-top.html]
[pt.adnow.com/404/images/pager-bg-bottom.html]
[pt.adnow.com/404/images/faq-advert.html]
[pt.adnow.com/404/images/faq-part.html]
[pl.adnow.com/404/images/bg-1.html]
[pl.adnow.com/404/images/logo-bg.html]
[pl.adnow.com/404/images/violet-bg.html]
[pl.adnow.com/404/images/dark-violet-bg.html]
[pl.adnow.com/404/images/adv-bg.html]
[pl.adnow.com/404/images/btn-bg-white.html]
[pl.adnow.com/404/images/btn-bg-black.html]
[pl.adnow.com/404/images/btn-bg-violet-dark.html]
[pl.adnow.com/404/images/btn-bg-violet-light.html]
[pl.adnow.com/404/images/pik-11.html]
[pl.adnow.com/404/images/pik-12.html]
[pl.adnow.com/404/images/pik-13.html]
[pl.adnow.com/404/images/arrow.html]
[pl.adnow.com/404/images/grid.html]
[pl.adnow.com/404/images/pager-bg-top.html]
[pl.adnow.com/404/images/pager-bg-bottom.html]
[pl.adnow.com/404/images/faq-advert.html]
[pl.adnow.com/404/images/faq-part.html]
[cs.adnow.com/404/images/bg-1.html]
[cs.adnow.com/404/images/logo-bg.html]
[cs.adnow.com/404/images/violet-bg.html]
[cs.adnow.com/404/images/dark-violet-bg.html]
[cs.adnow.com/404/images/adv-bg.html]
[cs.adnow.com/404/images/btn-bg-white.html]
[cs.adnow.com/404/images/btn-bg-black.html]
[cs.adnow.com/404/images/btn-bg-violet-dark.html]
[cs.adnow.com/404/images/btn-bg-violet-light.html]
[cs.adnow.com/404/images/pik-11.html]
[cs.adnow.com/404/images/pik-12.html]
[cs.adnow.com/404/images/pik-13.html]
[cs.adnow.com/404/images/arrow.html]
[cs.adnow.com/404/images/grid.html]
[cs.adnow.com/404/images/pager-bg-top.html]
[cs.adnow.com/404/images/pager-bg-bottom.html]
[cs.adnow.com/404/images/faq-advert.html]
[cs.adnow.com/404/images/faq-part.html]
[fr.adnow.com/404/images/bg-1.html]
[fr.adnow.com/404/images/logo-bg.html]
[fr.adnow.com/404/images/violet-bg.html]
[fr.adnow.com/404/images/dark-violet-bg.html]
[fr.adnow.com/404/images/adv-bg.html]
[fr.adnow.com/404/images/btn-bg-white.html]
[fr.adnow.com/404/images/btn-bg-black.html]
[fr.adnow.com/404/images/btn-bg-violet-dark.html]
[fr.adnow.com/404/images/btn-bg-violet-light.html]
[fr.adnow.com/404/images/pik-11.html]
[fr.adnow.com/404/images/pik-12.html]
[fr.adnow.com/404/images/pik-13.html]
[fr.adnow.com/404/images/arrow.html]
[fr.adnow.com/404/images/grid.html]
[fr.adnow.com/404/images/pager-bg-top.html]
[fr.adnow.com/404/images/pager-bg-bottom.html]
[fr.adnow.com/404/images/faq-advert.html]
[fr.adnow.com/404/images/faq-part.html]
[id.adnow.com/404/images/bg-1.html]
[id.adnow.com/404/images/logo-bg.html]
[id.adnow.com/404/images/violet-bg.html]
[id.adnow.com/404/images/dark-violet-bg.html]
[id.adnow.com/404/images/adv-bg.html]
[id.adnow.com/404/images/btn-bg-white.html]
[id.adnow.com/404/images/btn-bg-black.html]
[id.adnow.com/404/images/btn-bg-violet-dark.html]
[id.adnow.com/404/images/btn-bg-violet-light.html]
[id.adnow.com/404/images/pik-11.html]
[id.adnow.com/404/images/pik-12.html]
[id.adnow.com/404/images/pik-13.html]
[id.adnow.com/404/images/arrow.html]
[id.adnow.com/404/images/grid.html]
[id.adnow.com/404/images/pager-bg-top.html]
[id.adnow.com/404/images/pager-bg-bottom.html]
[id.adnow.com/404/images/faq-advert.html]
[id.adnow.com/404/images/faq-part.html]
[ja.adnow.com/404/images/bg-1.html]
[ja.adnow.com/404/images/logo-bg.html]
[ja.adnow.com/404/images/violet-bg.html]
[ja.adnow.com/404/images/dark-violet-bg.html]
[ja.adnow.com/404/images/adv-bg.html]
[ja.adnow.com/404/images/btn-bg-white.html]
[ja.adnow.com/404/images/btn-bg-black.html]
[ja.adnow.com/404/images/btn-bg-violet-dark.html]
[ja.adnow.com/404/images/btn-bg-violet-light.html]
[ja.adnow.com/404/images/pik-11.html]
[ja.adnow.com/404/images/pik-12.html]
[ja.adnow.com/404/images/pik-13.html]
[ja.adnow.com/404/images/arrow.html]
[ja.adnow.com/404/images/grid.html]
[ja.adnow.com/404/images/pager-bg-top.html]
[ja.adnow.com/404/images/pager-bg-bottom.html]
[ja.adnow.com/404/images/faq-advert.html]
[ja.adnow.com/404/images/faq-part.html]
[el.adnow.com/404/images/bg-1.html]
[el.adnow.com/404/images/logo-bg.html]
[el.adnow.com/404/images/violet-bg.html]
[el.adnow.com/404/images/dark-violet-bg.html]
[el.adnow.com/404/images/adv-bg.html]
[el.adnow.com/404/images/btn-bg-white.html]
[el.adnow.com/404/images/btn-bg-black.html]
[el.adnow.com/404/images/btn-bg-violet-dark.html]
[el.adnow.com/404/images/btn-bg-violet-light.html]
[el.adnow.com/404/images/pik-11.html]
[el.adnow.com/404/images/pik-12.html]
[el.adnow.com/404/images/pik-13.html]
[el.adnow.com/404/images/arrow.html]
[el.adnow.com/404/images/grid.html]
[el.adnow.com/404/images/pager-bg-top.html]
[el.adnow.com/404/images/pager-bg-bottom.html]
[el.adnow.com/404/images/faq-advert.html]
[el.adnow.com/404/images/faq-part.html]
[th.adnow.com/404/images/bg-1.html]
[th.adnow.com/404/images/logo-bg.html]
[th.adnow.com/404/images/violet-bg.html]
[th.adnow.com/404/images/dark-violet-bg.html]
[th.adnow.com/404/images/adv-bg.html]
[th.adnow.com/404/images/btn-bg-white.html]
[th.adnow.com/404/images/btn-bg-black.html]
[th.adnow.com/404/images/btn-bg-violet-dark.html]
[th.adnow.com/404/images/btn-bg-violet-light.html]
[th.adnow.com/404/images/pik-11.html]
[th.adnow.com/404/images/pik-12.html]
[th.adnow.com/404/images/pik-13.html]
[th.adnow.com/404/images/arrow.html]
[th.adnow.com/404/images/grid.html]
[th.adnow.com/404/images/pager-bg-top.html]
[th.adnow.com/404/images/pager-bg-bottom.html]
[th.adnow.com/404/images/faq-advert.html]
[th.adnow.com/404/images/faq-part.html]
[vi.adnow.com/404/images/bg-1.html]
[vi.adnow.com/404/images/logo-bg.html]
[vi.adnow.com/404/images/violet-bg.html]
[vi.adnow.com/404/images/dark-violet-bg.html]
[vi.adnow.com/404/images/adv-bg.html]
[vi.adnow.com/404/images/btn-bg-white.html]
[vi.adnow.com/404/images/btn-bg-black.html]
[vi.adnow.com/404/images/btn-bg-violet-dark.html]
[vi.adnow.com/404/images/btn-bg-violet-light.html]
[vi.adnow.com/404/images/pik-11.html]
[vi.adnow.com/404/images/pik-12.html]
[vi.adnow.com/404/images/pik-13.html]
[vi.adnow.com/404/images/arrow.html]
[vi.adnow.com/404/images/grid.html]
[vi.adnow.com/404/images/pager-bg-top.html]
[vi.adnow.com/404/images/pager-bg-bottom.html]
[vi.adnow.com/404/images/faq-advert.html]
[vi.adnow.com/404/images/faq-part.html]
[zh.adnow.com/404/images/bg-1.html]
[zh.adnow.com/404/images/logo-bg.html]
[zh.adnow.com/404/images/violet-bg.html]
[zh.adnow.com/404/images/dark-violet-bg.html]
[zh.adnow.com/404/images/adv-bg.html]
[zh.adnow.com/404/images/btn-bg-white.html]
[zh.adnow.com/404/images/btn-bg-black.html]
[zh.adnow.com/404/images/btn-bg-violet-dark.html]
[zh.adnow.com/404/images/btn-bg-violet-light.html]
[zh.adnow.com/404/images/pik-11.html]
[zh.adnow.com/404/images/pik-12.html]
[zh.adnow.com/404/images/pik-13.html]
[zh.adnow.com/404/images/arrow.html]
[zh.adnow.com/404/images/grid.html]
[zh.adnow.com/404/images/pager-bg-top.html]
[zh.adnow.com/404/images/pager-bg-bottom.html]
[zh.adnow.com/404/images/faq-advert.html]
[zh.adnow.com/404/images/faq-part.html]
[fa.adnow.com/404/images/bg-1.html]
[fa.adnow.com/404/images/logo-bg.html]
[fa.adnow.com/404/images/violet-bg.html]
[fa.adnow.com/404/images/dark-violet-bg.html]
[fa.adnow.com/404/images/adv-bg.html]
[fa.adnow.com/404/images/btn-bg-white.html]
[fa.adnow.com/404/images/btn-bg-black.html]
[fa.adnow.com/404/images/btn-bg-violet-dark.html]
[fa.adnow.com/404/images/btn-bg-violet-light.html]
[fa.adnow.com/404/images/pik-11.html]
[fa.adnow.com/404/images/pik-12.html]
[fa.adnow.com/404/images/pik-13.html]
[fa.adnow.com/404/images/arrow.html]
[fa.adnow.com/404/images/grid.html]
[fa.adnow.com/404/images/pager-bg-top.html]
[fa.adnow.com/404/images/pager-bg-bottom.html]
[fa.adnow.com/404/images/faq-advert.html]
[fa.adnow.com/404/images/faq-part.html]
[adnow.com/landing/guide-for-profit/js/landing.js]
[adnow.com/landing/guide-for-profit/fonts/Geometria/Geometria.eot]
[adnow.com/landing/guide-for-profit/fonts/Geometria/Geometriad41d.eot]
[adnow.com/landing/guide-for-profit/fonts/Geometria/Geometria.woff2]
[adnow.com/landing/guide-for-profit/fonts/Geometria/Geometria.woff]
[adnow.com/landing/guide-for-profit/fonts/Geometria/Geometria.ttf]
[adnow.com/landing/guide-for-profit/fonts/GeometriaLight/Geometria-Light.eot]
[adnow.com/landing/guide-for-profit/fonts/GeometriaLight/Geometria-Lightd41d.eot]
[adnow.com/landing/guide-for-profit/fonts/GeometriaLight/Geometria-Light.woff2]
[adnow.com/landing/guide-for-profit/fonts/GeometriaLight/Geometria-Light.woff]
[adnow.com/landing/guide-for-profit/fonts/GeometriaLight/Geometria-Light.ttf]
[adnow.com/landing/guide-for-profit/fonts/GeometriaMedium/Geometria-Medium.eot]
[adnow.com/landing/guide-for-profit/fonts/GeometriaMedium/Geometria-Mediumd41d.eot]
[adnow.com/landing/guide-for-profit/fonts/GeometriaMedium/Geometria-Medium.woff2]
[adnow.com/landing/guide-for-profit/fonts/GeometriaMedium/Geometria-Medium.woff]
[adnow.com/landing/guide-for-profit/fonts/GeometriaMedium/Geometria-Medium.ttf]
[adnow.com/landing/guide-for-profit/fonts/GeometriaBold/Geometria-Bold.eot]
[adnow.com/landing/guide-for-profit/fonts/GeometriaBold/Geometria-Boldd41d.eot]
[adnow.com/landing/guide-for-profit/fonts/GeometriaBold/Geometria-Bold.woff2]
[adnow.com/landing/guide-for-profit/fonts/GeometriaBold/Geometria-Bold.woff]
[adnow.com/landing/guide-for-profit/fonts/GeometriaBold/Geometria-Bold.ttf]
[adnow.com/landing/guide-for-profit/fonts/GeometriaHeavy/Geometria-Heavy.eot]
[adnow.com/landing/guide-for-profit/fonts/GeometriaHeavy/Geometria-Heavyd41d.eot]
[adnow.com/landing/guide-for-profit/fonts/GeometriaHeavy/Geometria-Heavy.woff2]
[adnow.com/landing/guide-for-profit/fonts/GeometriaHeavy/Geometria-Heavy.woff]
[adnow.com/landing/guide-for-profit/fonts/GeometriaHeavy/Geometria-Heavy.ttf]
[adnow.com/landing/guide-for-profit/fonts/GeometriaExtraLight/Geometria-ExtraLight.eot]
[adnow.com/landing/guide-for-profit/fonts/GeometriaExtraLight/Geometria-ExtraLightd41d.eot]
[adnow.com/landing/guide-for-profit/fonts/GeometriaExtraLight/Geometria-ExtraLight.woff2]
[adnow.com/landing/guide-for-profit/fonts/GeometriaExtraLight/Geometria-ExtraLight.woff]
[adnow.com/landing/guide-for-profit/fonts/GeometriaExtraLight/Geometria-ExtraLight.ttf]
[adnow.com/landing/guide-for-profit/fonts/OpenSansLight/OpenSans-Light.eot]
[adnow.com/landing/guide-for-profit/fonts/OpenSansLight/OpenSans-Lightd41d.eot]
[adnow.com/landing/guide-for-profit/fonts/OpenSansLight/OpenSans-Light.woff2]
[adnow.com/landing/guide-for-profit/fonts/OpenSansLight/OpenSans-Light.woff]
[adnow.com/landing/guide-for-profit/fonts/OpenSansLight/OpenSans-Light.ttf]
[adnow.com/landing/guide-for-profit/fonts/FontAwesome/fontawesome.eot]
[adnow.com/landing/guide-for-profit/fonts/FontAwesome/fontawesomed41d.eot]
[adnow.com/landing/guide-for-profit/fonts/FontAwesome/fontawesome.woff2]
[adnow.com/landing/guide-for-profit/fonts/FontAwesome/fontawesome.woff]
[adnow.com/landing/guide-for-profit/fonts/FontAwesome/fontawesome.ttf]
[adnow.com/landing/guide-for-profit/images/header.jpg]
[adnow.com/landing/guide-for-profit/images/video-header-first-frame.jpg]
[adnow.com/landing/guide-for-profit/images/oval.svg]
[adnow.com/landing/guide-for-profit/images/finger.png]
[adnow.com/landing/guide-for-profit/images/pulse.png]
[adnow.com/landing/guide-for-profit/images/imac.png]
[adnow.com/landing/guide-for-profit/images/cursor.png]
[adnow.com/landing/guide-for-profit/images/desk-left-sidebar.jpg]
[adnow.com/landing/guide-for-profit/images/desk-content-before.jpg]
[adnow.com/landing/guide-for-profit/images/desk-content-after.jpg]
[adnow.com/landing/guide-for-profit/images/desk-sidebar-right.jpg]
[adnow.com/landing/guide-for-profit/images/iphone.png]
[adnow.com/landing/guide-for-profit/images/phone-content-before.jpg]
[adnow.com/landing/guide-for-profit/images/phone-content-after.jpg]
[adnow.com/landing/guide-for-profit/images/stop.png]
[adnow.com/landing/guide-for-profit/images/play.png]
[adnow.com/landing/guide-for-profit/images/sound-low.svg]
[adnow.com/landing/guide-for-profit/images/sound-middle.svg]
[adnow.com/landing/guide-for-profit/images/sound-max.svg]
[adnow.com/landing/guide-for-profit/images/header-mobile.jpg]
[adnow.com/landing/guide-for-profit/images/menu-mobile-white.svg]
[adnow.com/landing/guide-for-profit/images/login.svg]
[adnow.com/landing/guide-for-profit/images/phone-fullscreen_top.png]
[adnow.com/landing/guide-for-profit/images/phone-fullscreen_bottom.png]
[adnow.com/landing/guide-for-profit/images/menu-mobile.svg]
[adnow.com/landing/guide-for-profit/images/header-ipad.jpg]
[adnow.com/landing/guide-for-profit/css/main.css]
[adnow.com/landing/guide-for-profit/css/flickity.css]
[adnow.com/landing/guide-for-profit/fonts/GeometriaThin.eot]
[adnow.com/landing/guide-for-profit/fonts/GeometriaThin.woff2]
[adnow.com/landing/guide-for-profit/fonts/GeometriaThin.woff]
[adnow.com/landing/guide-for-profit/fonts/GeometriaThin.ttf]
[adnow.com/landing/guide-for-profit/fonts/GeometriaThin.svg]
[adnow.com/landing/guide-for-profit/fonts/OpenSansBold.eot]
[adnow.com/landing/guide-for-profit/fonts/OpenSansBold.woff2]
[adnow.com/landing/guide-for-profit/fonts/OpenSansBold.woff]
[adnow.com/landing/guide-for-profit/fonts/OpenSansBold.ttf]
[adnow.com/landing/guide-for-profit/fonts/OpenSansBold.svg]
[adnow.com/landing/guide-for-profit/images/circle.png]
[adnow.com/landing/guide-for-profit/images/header_2.jpg]
[adnow.com/landing/guide-for-profit/images/header_arrow.png]
[adnow.com/landing/guide-for-profit/images/smartphone.png]
[adnow.com/landing/guide-for-profit/images/smartphone_shadow.png]
[adnow.com/landing/guide-for-profit/images/smartphone_close.png]
[adnow.com/landing/guide-for-profit/images/foot.jpg]
[adnow.com/landing/guide-for-profit/images/plugin/moon.png]
[adnow.com/landing/guide-for-profit/images/plugin/earth.png]
[adnow.com/landing/guide-for-profit/images/plugin/stars_left.png]
[adnow.com/landing/guide-for-profit/images/plugin/stars_right.png]
[adnow.com/landing/guide-for-profit/images/plugin/body.png]
[adnow.com/landing/guide-for-profit/images/plugin/imac.png]
[adnow.com/landing/guide-for-profit/images/plugin/ipad.png]
[adnow.com/landing/guide-for-profit/images/plugin/points.png]
[adnow.com/landing/guide-for-profit/images/plugin/ipad_arrow-1.png]
[adnow.com/landing/guide-for-profit/images/plugin/ipad_arrow-2.png]
[adnow.com/landing/guide-for-profit/images/plugin/desk_arrow.png]
[adnow.com/landing/guide-for-profit/images/plugin/button-2.png]
[adnow.com/landing/guide-for-profit/images/plugin/button-1.png]
[adnow.com/landing/guide-for-profit/images/footer.png]
[adnow.com/landing/guide-for-profit/images/block_body.jpg]
[adnow.com/landing/guide-for-profit/images/block_shadow.png]
[adnow.com/landing/guide-for-profit/images/block_title.png]
[adnow.com/landing/guide-for-profit/images/block_button.png]
[adnow.com/landing/guide-for-profit/images/iphone_arrow.png]
[adnow.com/landing/guide-for-profit/images/footer_button.png]
[adnow.com/landing/guide-for-profit/images/video_arrow.png]
[adnow.com/landing/guide-for-profit/images/guide.png]
[adnow.com/landing/guide-for-profit/images/sec.jpg]
[adnow.com/landing/guide-for-profit/images/case.png]
[adnow.com/landing/guide-for-profit/images/sec-after.png]
[adnow.com/landing/guide-for-profit/images/case2.png]
[adnow.com/landing/guide-for-profit/images/case3.png]
[adnow.com/landing/guide-for-profit/images/case4.png]
[adnow.com/landing/guide-for-profit/images/case5.png]
[adnow.com/landing/guide-for-profit/images/case6.png]
[adnow.com/landing/guide-for-profit/images/iphone_arrow-2.png]
[adnow.com/landing/guide-for-profit/images/iphone_arrow-3.png]
[adnow.com/landing/guide-for-profit/images/foot_mobile.jpg]
[adnow.com/landing/guide-for-profit/images/case2-before.png]
[adnow.com/landing/guide-for-profit/images/case3-before.png]
[adnow.com/landing/guide-for-profit/images/case4-before.png]
[adnow.com/landing/guide-for-profit/images/guide-mob.png]
[adnow.com/landing/guide-for-profit/images/case1-mob.png]
[adnow.com/landing/guide-for-profit/images/case2-mob.png]
[adnow.com/landing/guide-for-profit/images/case2-before-mob.png]
[adnow.com/landing/guide-for-profit/images/case3-before-mob.png]
[adnow.com/landing/guide-for-profit/images/case3-mob.png]
[adnow.com/landing/guide-for-profit/images/case4-mob.png]
[adnow.com/landing/guide-for-profit/images/case4-before-mob.png]
[adnow.com/landing/guide-for-profit/css/styles.css]
[adnow.com/landing/guide-for-profit/images/oval.svg]
[adnow.com/landing/guide-for-profit/images/sound-low.svg]
[adnow.com/landing/guide-for-profit/images/sound-middle.svg]
[adnow.com/landing/guide-for-profit/images/sound-max.svg]
[adnow.com/landing/guide-for-profit/images/menu-mobile-white.html]
[adnow.com/landing/guide-for-profit/images/login.html]
[adnow.com/landing/guide-for-profit/images/phone-fullscreen_top.html]
[adnow.com/landing/guide-for-profit/images/phone-fullscreen_bottom.html]
[adnow.com/landing/guide-for-profit/images/menu-mobile.html]
[adnow.com/landing/guide-for-profit/fonts/GeometriaThin.svg]
[adnow.com/landing/guide-for-profit/fonts/OpenSansBold.svg]
